Archive member included to satisfy reference by file (symbol)

C:/UOFT/Y3 Winter/ECE342/Labs/STM32CubeIDE_2.0.0/STM32CubeIDE/plugins/com.st.stm32cube.ide.mcu.externaltools.gnu-tools-for-stm32.13.3.rel1.win32_1.0.100.202509120712/tools/bin/../lib/gcc/arm-none-eabi/13.3.1/../../../../arm-none-eabi/lib/thumb/v7e-m+fp/hard\libc_nano.a(libc_a-exit.o)
                              C:/UOFT/Y3 Winter/ECE342/Labs/STM32CubeIDE_2.0.0/STM32CubeIDE/plugins/com.st.stm32cube.ide.mcu.externaltools.gnu-tools-for-stm32.13.3.rel1.win32_1.0.100.202509120712/tools/bin/../lib/gcc/arm-none-eabi/13.3.1/../../../../arm-none-eabi/lib/thumb/v7e-m+fp/hard/crt0.o (exit)
C:/UOFT/Y3 Winter/ECE342/Labs/STM32CubeIDE_2.0.0/STM32CubeIDE/plugins/com.st.stm32cube.ide.mcu.externaltools.gnu-tools-for-stm32.13.3.rel1.win32_1.0.100.202509120712/tools/bin/../lib/gcc/arm-none-eabi/13.3.1/../../../../arm-none-eabi/lib/thumb/v7e-m+fp/hard\libc_nano.a(libc_a-findfp.o)
                              C:/UOFT/Y3 Winter/ECE342/Labs/STM32CubeIDE_2.0.0/STM32CubeIDE/plugins/com.st.stm32cube.ide.mcu.externaltools.gnu-tools-for-stm32.13.3.rel1.win32_1.0.100.202509120712/tools/bin/../lib/gcc/arm-none-eabi/13.3.1/../../../../arm-none-eabi/lib/thumb/v7e-m+fp/hard\libc_nano.a(libc_a-exit.o) (__stdio_exit_handler)
C:/UOFT/Y3 Winter/ECE342/Labs/STM32CubeIDE_2.0.0/STM32CubeIDE/plugins/com.st.stm32cube.ide.mcu.externaltools.gnu-tools-for-stm32.13.3.rel1.win32_1.0.100.202509120712/tools/bin/../lib/gcc/arm-none-eabi/13.3.1/../../../../arm-none-eabi/lib/thumb/v7e-m+fp/hard\libc_nano.a(libc_a-fwalk.o)
                              C:/UOFT/Y3 Winter/ECE342/Labs/STM32CubeIDE_2.0.0/STM32CubeIDE/plugins/com.st.stm32cube.ide.mcu.externaltools.gnu-tools-for-stm32.13.3.rel1.win32_1.0.100.202509120712/tools/bin/../lib/gcc/arm-none-eabi/13.3.1/../../../../arm-none-eabi/lib/thumb/v7e-m+fp/hard\libc_nano.a(libc_a-findfp.o) (_fwalk_sglue)
C:/UOFT/Y3 Winter/ECE342/Labs/STM32CubeIDE_2.0.0/STM32CubeIDE/plugins/com.st.stm32cube.ide.mcu.externaltools.gnu-tools-for-stm32.13.3.rel1.win32_1.0.100.202509120712/tools/bin/../lib/gcc/arm-none-eabi/13.3.1/../../../../arm-none-eabi/lib/thumb/v7e-m+fp/hard\libc_nano.a(libc_a-sprintf.o)
                              ./Core/Src/ssd1306.o (sprintf)
C:/UOFT/Y3 Winter/ECE342/Labs/STM32CubeIDE_2.0.0/STM32CubeIDE/plugins/com.st.stm32cube.ide.mcu.externaltools.gnu-tools-for-stm32.13.3.rel1.win32_1.0.100.202509120712/tools/bin/../lib/gcc/arm-none-eabi/13.3.1/../../../../arm-none-eabi/lib/thumb/v7e-m+fp/hard\libc_nano.a(libc_a-stdio.o)
                              C:/UOFT/Y3 Winter/ECE342/Labs/STM32CubeIDE_2.0.0/STM32CubeIDE/plugins/com.st.stm32cube.ide.mcu.externaltools.gnu-tools-for-stm32.13.3.rel1.win32_1.0.100.202509120712/tools/bin/../lib/gcc/arm-none-eabi/13.3.1/../../../../arm-none-eabi/lib/thumb/v7e-m+fp/hard\libc_nano.a(libc_a-findfp.o) (__sread)
C:/UOFT/Y3 Winter/ECE342/Labs/STM32CubeIDE_2.0.0/STM32CubeIDE/plugins/com.st.stm32cube.ide.mcu.externaltools.gnu-tools-for-stm32.13.3.rel1.win32_1.0.100.202509120712/tools/bin/../lib/gcc/arm-none-eabi/13.3.1/../../../../arm-none-eabi/lib/thumb/v7e-m+fp/hard\libc_nano.a(libc_a-memset.o)
                              C:/UOFT/Y3 Winter/ECE342/Labs/STM32CubeIDE_2.0.0/STM32CubeIDE/plugins/com.st.stm32cube.ide.mcu.externaltools.gnu-tools-for-stm32.13.3.rel1.win32_1.0.100.202509120712/tools/bin/../lib/gcc/arm-none-eabi/13.3.1/../../../../arm-none-eabi/lib/thumb/v7e-m+fp/hard/crt0.o (memset)
C:/UOFT/Y3 Winter/ECE342/Labs/STM32CubeIDE_2.0.0/STM32CubeIDE/plugins/com.st.stm32cube.ide.mcu.externaltools.gnu-tools-for-stm32.13.3.rel1.win32_1.0.100.202509120712/tools/bin/../lib/gcc/arm-none-eabi/13.3.1/../../../../arm-none-eabi/lib/thumb/v7e-m+fp/hard\libc_nano.a(libc_a-closer.o)
                              C:/UOFT/Y3 Winter/ECE342/Labs/STM32CubeIDE_2.0.0/STM32CubeIDE/plugins/com.st.stm32cube.ide.mcu.externaltools.gnu-tools-for-stm32.13.3.rel1.win32_1.0.100.202509120712/tools/bin/../lib/gcc/arm-none-eabi/13.3.1/../../../../arm-none-eabi/lib/thumb/v7e-m+fp/hard\libc_nano.a(libc_a-stdio.o) (_close_r)
C:/UOFT/Y3 Winter/ECE342/Labs/STM32CubeIDE_2.0.0/STM32CubeIDE/plugins/com.st.stm32cube.ide.mcu.externaltools.gnu-tools-for-stm32.13.3.rel1.win32_1.0.100.202509120712/tools/bin/../lib/gcc/arm-none-eabi/13.3.1/../../../../arm-none-eabi/lib/thumb/v7e-m+fp/hard\libc_nano.a(libc_a-reent.o)
                              C:/UOFT/Y3 Winter/ECE342/Labs/STM32CubeIDE_2.0.0/STM32CubeIDE/plugins/com.st.stm32cube.ide.mcu.externaltools.gnu-tools-for-stm32.13.3.rel1.win32_1.0.100.202509120712/tools/bin/../lib/gcc/arm-none-eabi/13.3.1/../../../../arm-none-eabi/lib/thumb/v7e-m+fp/hard\libc_nano.a(libc_a-closer.o) (errno)
C:/UOFT/Y3 Winter/ECE342/Labs/STM32CubeIDE_2.0.0/STM32CubeIDE/plugins/com.st.stm32cube.ide.mcu.externaltools.gnu-tools-for-stm32.13.3.rel1.win32_1.0.100.202509120712/tools/bin/../lib/gcc/arm-none-eabi/13.3.1/../../../../arm-none-eabi/lib/thumb/v7e-m+fp/hard\libc_nano.a(libc_a-impure.o)
[...]
Memory Configuration

Name             Origin             Length             Attributes
RAM              0x20000000         0x00020000         xrw
FLASH            0x08000000         0x00080000         xr
*default*        0x00000000         0xffffffff

Linker script and memory map

LOAD C:/UOFT/Y3 Winter/ECE342/Labs/STM32CubeIDE_2.0.0/STM32CubeIDE/plugins/com.st.stm32cube.ide.mcu.externaltools.gnu-tools-for-stm32.13.3.rel1.win32_1.0.100.202509120712/tools/bin/../lib/gcc/arm-none-eabi/13.3.1/thumb/v7e-m+fp/hard/crti.o
LOAD C:/UOFT/Y3 Winter/ECE342/Labs/STM32CubeIDE_2.0.0/STM32CubeIDE/plugins/com.st.stm32cube.ide.mcu.externaltools.gnu-tools-for-stm32.13.3.rel1.win32_1.0.100.202509120712/tools/bin/../lib/gcc/arm-none-eabi/13.3.1/thumb/v7e-m+fp/hard/crtbegin.o
LOAD C:/UOFT/Y3 Winter/ECE342/Labs/STM32CubeIDE_2.0.0/STM32CubeIDE/plugins/com.st.stm32cube.ide.mcu.externaltools.gnu-tools-for-stm32.13.3.rel1.win32_1.0.100.202509120712/tools/bin/../lib/gcc/arm-none-eabi/13.3.1/../../../../arm-none-eabi/lib/thumb/v7e-m+fp/hard/crt0.o
LOAD ./Core/Src/fonts.o
LOAD ./Core/Src/main.o
LOAD ./Core/Src/ssd1306.o
LOAD ./Core/Src/stm32f4xx_hal_msp.o
LOAD ./Core/Src/stm32f4xx_it.o
LOAD ./Core/Src/syscalls.o
LOAD ./Core/Src/sysmem.o
LOAD ./Core/Src/system_stm32f4xx.o
LOAD ./Core/Startup/startup_stm32f446zetx.o
LOAD ./Drivers/STM32F4xx_HAL_Driver/Src/stm32f4xx_hal.o
LOAD ./Drivers/STM32F4xx_HAL_Driver/Src/stm32f4xx_hal_cortex.o
LOAD ./Drivers/STM32F4xx_HAL_Driver/Src/stm32f4xx_hal_dma.o
LOAD ./Drivers/STM32F4xx_HAL_Driver/Src/stm32f4xx_hal_dma_ex.o
LOAD ./Drivers/STM32F4xx_HAL_Driver/Src/stm32f4xx_hal_exti.o
LOAD ./Drivers/STM32F4xx_HAL_Driver/Src/stm32f4xx_hal_flash.o
LOAD ./Drivers/STM32F4xx_HAL_Driver/Src/stm32f4xx_hal_flash_ex.o
LOAD ./Drivers/STM32F4xx_HAL_Driver/Src/stm32f4xx_hal_flash_ramfunc.o
LOAD ./Drivers/STM32F4xx_HAL_Driver/Src/stm32f4xx_hal_gpio.o
LOAD ./Drivers/STM32F4xx_HAL_Driver/Src/stm32f4xx_hal_i2c.o
LOAD ./Drivers/STM32F4xx_HAL_Driver/Src/stm32f4xx_hal_i2c_ex.o
LOAD ./Drivers/STM32F4xx_HAL_Driver/Src/stm32f4xx_hal_pcd.o
LOAD ./Drivers/STM32F4xx_HAL_Driver/Src/stm32f4xx_hal_pcd_ex.o
LOAD ./Drivers/STM32F4xx_HAL_Driver/Src/stm32f4xx_hal_pwr.o
LOAD ./Drivers/STM32F4xx_HAL_Driver/Src/stm32f4xx_hal_pwr_ex.o
LOAD ./Drivers/STM32F4xx_HAL_Driver/Src/stm32f4xx_hal_rcc.o
LOAD ./Drivers/STM32F4xx_HAL_Driver/Src/stm32f4xx_hal_rcc_ex.o
LOAD ./Drivers/STM32F4xx_HAL_Driver/Src/stm32f4xx_hal_tim.o
LOAD ./Drivers/STM32F4xx_HAL_Driver/Src/stm32f4xx_hal_tim_ex.o
LOAD ./Drivers/STM32F4xx_HAL_Driver/Src/stm32f4xx_hal_uart.o
LOAD ./Drivers/STM32F4xx_HAL_Driver/Src/stm32f4xx_ll_usb.o
START GROUP
LOAD C:/UOFT/Y3 Winter/ECE342/Labs/STM32CubeIDE_2.0.0/STM32CubeIDE/plugins/com.st.stm32cube.ide.mcu.externaltools.gnu-tools-for-stm32.13.3.rel1.win32_1.0.100.202509120712/tools/bin/../lib/gcc/arm-none-eabi/13.3.1/../../../../arm-none-eabi/lib/thumb/v7e-m+fp/hard\libc_nano.a
LOAD C:/UOFT/Y3 Winter/ECE342/Labs/STM32CubeIDE_2.0.0/STM32CubeIDE/plugins/com.st.stm32cube.ide.mcu.externaltools.gnu-tools-for-stm32.13.3.rel1.win32_1.0.100.202509120712/tools/bin/../lib/gcc/arm-none-eabi/13.3.1/../../../../arm-none-eabi/lib/thumb/v7e-m+fp/hard\libm.a
END GROUP
START GROUP
LOAD C:/UOFT/Y3 Winter/ECE342/Labs/STM32CubeIDE_2.0.0/STM32CubeIDE/plugins/com.st.stm32cube.ide.mcu.externaltools.gnu-tools-for-stm32.13.3.rel1.win32_1.0.100.202509120712/tools/bin/../lib/gcc/arm-none-eabi/13.3.1/thumb/v7e-m+fp/hard\libgcc.a
LOAD C:/UOFT/Y3 Winter/ECE342/Labs/STM32CubeIDE_2.0.0/STM32CubeIDE/plugins/com.st.stm32cube.ide.mcu.externaltools.gnu-tools-for-stm32.13.3.rel1.win32_1.0.100.202509120712/tools/bin/../lib/gcc/arm-none-eabi/13.3.1/../../../../arm-none-eabi/lib/thumb/v7e-m+fp/hard\libc_nano.a
END GROUP
START GROUP
LOAD C:/UOFT/Y3 Winter/ECE342/Labs/STM32CubeIDE_2.0.0/STM32CubeIDE/plugins/com.st.stm32cube.ide.mcu.externaltools.gnu-tools-for-stm32.13.3.rel1.win32_1.0.100.202509120712/tools/bin/../lib/gcc/arm-none-eabi/13.3.1/thumb/v7e-m+fp/hard\libgcc.a
LOAD C:/UOFT/Y3 Winter/ECE342/Labs/STM32CubeIDE_2.0.0/STM32CubeIDE/plugins/com.st.stm32cube.ide.mcu.externaltools.gnu-tools-for-stm32.13.3.rel1.win32_1.0.100.202509120712/tools/bin/../lib/gcc/arm-none-eabi/13.3.1/../../../../arm-none-eabi/lib/thumb/v7e-m+fp/hard\libc_nano.a
LOAD C:/UOFT/Y3 Winter/ECE342/Labs/STM32CubeIDE_2.0.0/STM32CubeIDE/plugins/com.st.stm32cube.ide.mcu.externaltools.gnu-tools-for-stm32.13.3.rel1.win32_1.0.100.202509120712/tools/bin/../lib/gcc/arm-none-eabi/13.3.1/../../../../arm-none-eabi/lib/thumb/v7e-m+fp/hard\libnosys.a
END GROUP
START GROUP
LOAD C:/UOFT/Y3 Winter/ECE342/Labs/STM32CubeIDE_2.0.0/STM32CubeIDE/plugins/com.st.stm32cube.ide.mcu.externaltools.gnu-tools-for-stm32.13.3.rel1.win32_1.0.100.202509120712/tools/bin/../lib/gcc/arm-none-eabi/13.3.1/thumb/v7e-m+fp/hard\libgcc.a
LOAD C:/UOFT/Y3 Winter/ECE342/Labs/STM32CubeIDE_2.0.0/STM32CubeIDE/plugins/com.st.stm32cube.ide.mcu.externaltools.gnu-tools-for-stm32.13.3.rel1.win32_1.0.100.202509120712/tools/bin/../lib/gcc/arm-none-eabi/13.3.1/../../../../arm-none-eabi/lib/thumb/v7e-m+fp/hard\libc_nano.a
LOAD C:/UOFT/Y3 Winter/ECE342/Labs/STM32CubeIDE_2.0.0/STM32CubeIDE/plugins/com.st.stm32cube.ide.mcu.externaltools.gnu-tools-for-stm32.13.3.rel1.win32_1.0.100.202509120712/tools/bin/../lib/gcc/arm-none-eabi/13.3.1/../../../../arm-none-eabi/lib/thumb/v7e-m+fp/hard\libnosys.a
END GROUP
LOAD C:/UOFT/Y3 Winter/ECE342/Labs/STM32CubeIDE_2.0.0/STM32CubeIDE/plugins/com.st.stm32cube.ide.mcu.externaltools.gnu-tools-for-stm32.13.3.rel1.win32_1.0.100.202509120712/tools/bin/../lib/gcc/arm-none-eabi/13.3.1/thumb/v7e-m+fp/hard/crtend.o
LOAD C:/UOFT/Y3 Winter/ECE342/Labs/STM32CubeIDE_2.0.0/STM32CubeIDE/plugins/com.st.stm32cube.ide.mcu.externaltools.gnu-tools-for-stm32.13.3.rel1.win32_1.0.100.202509120712/tools/bin/../lib/gcc/arm-none-eabi/13.3.1/thumb/v7e-m+fp/hard/crtn.o
                0x20020000                        _estack = (ORIGIN (RAM) + LENGTH (RAM))
                0x00000200                        _Min_Heap_Size = 0x200
                0x00000400                        _Min_Stack_Size = 0x400

.isr_vector     0x08000000      0x1c4
                0x08000000                        . = ALIGN (0x4)
 *(.isr_vector)
 .isr_vector    0x08000000      0x1c4 ./Core/Startup/startup_stm32f446zetx.o
                0x08000000                g_pfnVectors
                0x080001c4                        . = ALIGN (0x4)

.text           0x080001d0     0x63f4
                0x080001d0                        . = ALIGN (0x4)
 *(.text)
 .text          0x080001d0       0x40 C:/UOFT/Y3 Winter/ECE342/Labs/STM32CubeIDE_2.0.0/STM32CubeIDE/plugins/com.st.stm32cube.ide.mcu.externaltools.gnu-tools-for-stm32.13.3.rel1.win32_1.0.100.202509120712/tools/bin/../lib/gcc/arm-none-eabi/13.3.1/thumb/v7e-m+fp/hard/crtbegin.o
 .text          0x08000210       0xa0 C:/UOFT/Y3 Winter/ECE342/Labs/STM32CubeIDE_2.0.0/STM32CubeIDE/plugins/com.st.stm32cube.ide.mcu.externaltools.gnu-tools-for-stm32.13.3.rel1.win32_1.0.100.202509120712/tools/bin/../lib/gcc/arm-none-eabi/13.3.1/../../../../arm-none-eabi/lib/thumb/v7e-m+fp/hard\libc_nano.a(libc_a-memchr.o)
                0x08000210                memchr
 .text          0x080002b0       0x30 C:/UOFT/Y3 Winter/ECE342/Labs/STM32CubeIDE_2.0.0/STM32CubeIDE/plugins/com.st.stm32cube.ide.mcu.externaltools.gnu-tools-for-stm32.13.3.rel1.win32_1.0.100.202509120712/tools/bin/../lib/gcc/arm-none-eabi/13.3.1/thumb/v7e-m+fp/hard\libgcc.a(_aeabi_uldivmod.o)
                0x080002b0                __aeabi_uldivmod
 .text          0x080002e0      0x2f8 C:/UOFT/Y3 Winter/ECE342/Labs/STM32CubeIDE_2.0.0/STM32CubeIDE/plugins/com.st.stm32cube.ide.mcu.externaltools.gnu-tools-for-stm32.13.3.rel1.win32_1.0.100.202509120712/tools/bin/../lib/gcc/arm-none-eabi/13.3.1/thumb/v7e-m+fp/hard\libgcc.a(_udivmoddi4.o)
                0x080002e0                __udivmoddi4
 .text          0x080005d8        0x4 C:/UOFT/Y3 Winter/ECE342/Labs/STM32CubeIDE_2.0.0/STM32CubeIDE/plugins/com.st.stm32cube.ide.mcu.externaltools.gnu-tools-for-stm32.13.3.rel1.win32_1.0.100.202509120712/tools/bin/../lib/gcc/arm-none-eabi/13.3.1/thumb/v7e-m+fp/hard\libgcc.a(_dvmd_tls.o)
                0x080005d8                __aeabi_idiv0
                0x080005d8                __aeabi_ldiv0
 *(.text*)
 .text.microDelay
                0x080005dc       0x34 ./Core/Src/main.o
                0x080005dc                microDelay
 .text.step_X   0x08000610       0x74 ./Core/Src/main.o
                0x08000610                step_X
 .text.step_Y   0x08000684       0x6c ./Core/Src/main.o
                0x08000684                step_Y
 .text.step_EXTRUDE
                0x080006f0       0x70 ./Core/Src/main.o
                0x080006f0                step_EXTRUDE
 .text.calibrate
                0x08000760       0xb0 ./Core/Src/main.o
                0x08000760                calibrate
 .text.initial  0x08000810       0x48 ./Core/Src/main.o
                0x08000810                initial
 .text.rowByRow_RLE
                0x08000858      0x168 ./Core/Src/main.o
                0x08000858                rowByRow_RLE
 .text.finish   0x080009c0       0x7c ./Core/Src/main.o
                0x080009c0                finish
 .text.finishX  0x08000a3c       0x2c ./Core/Src/main.o
                0x08000a3c                finishX
 .text.main     0x08000a68       0x8c ./Core/Src/main.o
                0x08000a68                main
 .text.SystemClock_Config
                0x08000af4       0xd8 ./Core/Src/main.o
                0x08000af4                SystemClock_Config
 .text.MX_I2C2_Init
                0x08000bcc       0x5c ./Core/Src/main.o
 .text.MX_TIM1_Init
                0x08000c28       0xa0 ./Core/Src/main.o
 .text.MX_TIM2_Init
                0x08000cc8       0xec ./Core/Src/main.o
 .text.MX_USART3_UART_Init
                0x08000db4       0x54 ./Core/Src/main.o
 .text.MX_USB_OTG_FS_PCD_Init
                0x08000e08       0x5c ./Core/Src/main.o
 .text.MX_GPIO_Init
                0x08000e64      0x270 ./Core/Src/main.o
 .text.Error_Handler
                0x080010d4        0xc ./Core/Src/main.o
                0x080010d4                Error_Handler
 .text.SSD1306_UpdateScreen
                0x080010e0       0x60 ./Core/Src/ssd1306.o
                0x080010e0                SSD1306_UpdateScreen
 .text.SSD1306_Fill
                0x08001140       0x30 ./Core/Src/ssd1306.o
                0x08001140                SSD1306_Fill
 .text.ssd1306_I2C_Write
                0x08001170       0xac ./Core/Src/ssd1306.o
                0x08001170                ssd1306_I2C_Write
 .text.SSD1306_Init
                0x0800121c       0x68 ./Core/Src/ssd1306.o
                0x0800121c                SSD1306_Init
 .text.SSD1306_SetPixel
                0x08001284       0x98 ./Core/Src/ssd1306.o
                0x08001284                SSD1306_SetPixel
 .text.SSD1306_Putc
                0x0800131c       0xe8 ./Core/Src/ssd1306.o
                0x0800131c                SSD1306_Putc
 .text.OLED_DrawRect
                0x08001404       0x9c ./Core/Src/ssd1306.o
                0x08001404                OLED_DrawRect
 .text.OLED_FillRect
                0x080014a0       0x64 ./Core/Src/ssd1306.o
                0x080014a0                OLED_FillRect
 .text.OLED_DrawText
                0x08001504       0x46 ./Core/Src/ssd1306.o
                0x08001504                OLED_DrawText
 *fill*         0x0800154a        0x2 
 .text.OLED_ShowProgress
                0x0800154c       0xb0 ./Core/Src/ssd1306.o
                0x0800154c                OLED_ShowProgress
 .text.OLED_ShowCalibration
                0x080015fc       0xa0 ./Core/Src/ssd1306.o
                0x080015fc                OLED_ShowCalibration
 .text.OLED_ShowStartScreen
                0x0800169c       0x38 ./Core/Src/ssd1306.o
                0x0800169c                OLED_ShowStartScreen
 .text.OLED_ShowEndScreen
                0x080016d4       0x38 ./Core/Src/ssd1306.o
                0x080016d4                OLED_ShowEndScreen
 .text.HAL_MspInit
                0x0800170c       0x50 ./Core/Src/stm32f4xx_hal_msp.o
                0x0800170c                HAL_MspInit
 .text.HAL_I2C_MspInit
                0x0800175c       0x90 ./Core/Src/stm32f4xx_hal_msp.o
                0x0800175c                HAL_I2C_MspInit
 .text.HAL_TIM_Base_MspInit
                0x080017ec       0x6c ./Core/Src/stm32f4xx_hal_msp.o
                0x080017ec                HAL_TIM_Base_MspInit
 .text.HAL_TIM_MspPostInit
                0x08001858       0x70 ./Core/Src/stm32f4xx_hal_msp.o
                0x08001858                HAL_TIM_MspPostInit
 .text.HAL_UART_MspInit
                0x080018c8       0x90 ./Core/Src/stm32f4xx_hal_msp.o
                0x080018c8                HAL_UART_MspInit
 .text.HAL_PCD_MspInit
                0x08001958       0xe0 ./Core/Src/stm32f4xx_hal_msp.o
                0x08001958                HAL_PCD_MspInit
 .text.NMI_Handler
                0x08001a38        0x8 ./Core/Src/stm32f4xx_it.o
                0x08001a38                NMI_Handler
 .text.HardFault_Handler
                0x08001a40        0x8 ./Core/Src/stm32f4xx_it.o
                0x08001a40                HardFault_Handler
 .text.MemManage_Handler
                0x08001a48        0x8 ./Core/Src/stm32f4xx_it.o
                0x08001a48                MemManage_Handler
 .text.BusFault_Handler
                0x08001a50        0x8 ./Core/Src/stm32f4xx_it.o
                0x08001a50                BusFault_Handler
 .text.UsageFault_Handler
                0x08001a58        0x8 ./Core/Src/stm32f4xx_it.o
                0x08001a58                UsageFault_Handler
 .text.SVC_Handler
                0x08001a60        0xe ./Core/Src/stm32f4xx_it.o
                0x08001a60                SVC_Handler
 .text.DebugMon_Handler
                0x08001a6e        0xe ./Core/Src/stm32f4xx_it.o
                0x08001a6e                DebugMon_Handler
 .text.PendSV_Handler
                0x08001a7c        0xe ./Core/Src/stm32f4xx_it.o
                0x08001a7c                PendSV_Handler
 .text.SysTick_Handler
                0x08001a8a        0xc ./Core/Src/stm32f4xx_it.o
                0x08001a8a                SysTick_Handler
 *fill*         0x08001a96        0x2 
 .text.EXTI15_10_IRQHandler
                0x08001a98       0x28 ./Core/Src/stm32f4xx_it.o
                0x08001a98                EXTI15_10_IRQHandler
 .text._sbrk    0x08001ac0       0x6c ./Core/Src/sysmem.o
                0x08001ac0                _sbrk
 .text.SystemInit
                0x08001b2c       0x24 ./Core/Src/system_stm32f4xx.o
                0x08001b2c                SystemInit
 .text.Reset_Handler
                0x08001b50       0x50 ./Core/Startup/startup_stm32f446zetx.o
                0x08001b50                Reset_Handler
 .text.Default_Handler
                0x08001ba0        0x2 ./Core/Startup/startup_stm32f446zetx.o
                0x08001ba0                RTC_Alarm_IRQHandler
                0x08001ba0                EXTI2_IRQHandler
                0x08001ba0                TIM8_CC_IRQHandler
                0x08001ba0                FMPI2C1_EV_IRQHandler
                0x08001ba0                SPI4_IRQHandler
                0x08001ba0                TIM1_CC_IRQHandler
                0x08001ba0                DMA2_Stream5_IRQHandler
                0x08001ba0                DMA1_Stream5_IRQHandler
                0x08001ba0                PVD_IRQHandler
                0x08001ba0                SDIO_IRQHandler
                0x08001ba0                TAMP_STAMP_IRQHandler
                0x08001ba0                CAN2_RX1_IRQHandler
                0x08001ba0                EXTI3_IRQHandler
                0x08001ba0                TIM8_TRG_COM_TIM14_IRQHandler
                0x08001ba0                TIM1_UP_TIM10_IRQHandler
                0x08001ba0                TIM8_UP_TIM13_IRQHandler
                0x08001ba0                I2C3_ER_IRQHandler
                0x08001ba0                EXTI0_IRQHandler
                0x08001ba0                I2C2_EV_IRQHandler
                0x08001ba0                DMA1_Stream2_IRQHandler
                0x08001ba0                CAN1_RX0_IRQHandler
                0x08001ba0                FPU_IRQHandler
                0x08001ba0                OTG_HS_WKUP_IRQHandler
                0x08001ba0                CAN2_SCE_IRQHandler
                0x08001ba0                DMA2_Stream2_IRQHandler
                0x08001ba0                SPI1_IRQHandler
                0x08001ba0                TIM6_DAC_IRQHandler
                0x08001ba0                TIM1_BRK_TIM9_IRQHandler
                0x08001ba0                DCMI_IRQHandler
                0x08001ba0                CAN2_RX0_IRQHandler
                0x08001ba0                DMA2_Stream3_IRQHandler
                0x08001ba0                SAI2_IRQHandler
                0x08001ba0                USART6_IRQHandler
                0x08001ba0                USART3_IRQHandler
                0x08001ba0                CAN1_RX1_IRQHandler
                0x08001ba0                UART5_IRQHandler
                0x08001ba0                DMA2_Stream0_IRQHandler
                0x08001ba0                TIM4_IRQHandler
                0x08001ba0                QUADSPI_IRQHandler
                0x08001ba0                I2C1_EV_IRQHandler
                0x08001ba0                DMA1_Stream6_IRQHandler
                0x08001ba0                DMA1_Stream1_IRQHandler
                0x08001ba0                UART4_IRQHandler
                0x08001ba0                TIM3_IRQHandler
                0x08001ba0                RCC_IRQHandler
                0x08001ba0                TIM8_BRK_TIM12_IRQHandler
                0x08001ba0                Default_Handler
                0x08001ba0                CEC_IRQHandler
                0x08001ba0                ADC_IRQHandler
                0x08001ba0                DMA1_Stream7_IRQHandler
                0x08001ba0                TIM7_IRQHandler
                0x08001ba0                CAN2_TX_IRQHandler
                0x08001ba0                TIM5_IRQHandler
                0x08001ba0                DMA2_Stream7_IRQHandler
                0x08001ba0                I2C3_EV_IRQHandler
                0x08001ba0                EXTI9_5_IRQHandler
                0x08001ba0                RTC_WKUP_IRQHandler
                0x08001ba0                SPDIF_RX_IRQHandler
                0x08001ba0                SPI2_IRQHandler
                0x08001ba0                OTG_HS_EP1_IN_IRQHandler
                0x08001ba0                DMA1_Stream0_IRQHandler
                0x08001ba0                CAN1_TX_IRQHandler
                0x08001ba0                FMPI2C1_ER_IRQHandler
                0x08001ba0                EXTI4_IRQHandler
                0x08001ba0                OTG_HS_EP1_OUT_IRQHandler
                0x08001ba0                WWDG_IRQHandler
                0x08001ba0                TIM2_IRQHandler
                0x08001ba0                OTG_FS_WKUP_IRQHandler
                0x08001ba0                TIM1_TRG_COM_TIM11_IRQHandler
                0x08001ba0                OTG_HS_IRQHandler
                0x08001ba0                EXTI1_IRQHandler
                0x08001ba0                USART2_IRQHandler
                0x08001ba0                I2C2_ER_IRQHandler
                0x08001ba0                DMA2_Stream1_IRQHandler
                0x08001ba0                CAN1_SCE_IRQHandler
                0x08001ba0                FLASH_IRQHandler
                0x08001ba0                DMA2_Stream4_IRQHandler
                0x08001ba0                USART1_IRQHandler
                0x08001ba0                OTG_FS_IRQHandler
                0x08001ba0                SPI3_IRQHandler
                0x08001ba0                DMA1_Stream4_IRQHandler
                0x08001ba0                I2C1_ER_IRQHandler
                0x08001ba0                FMC_IRQHandler
                0x08001ba0                DMA2_Stream6_IRQHandler
                0x08001ba0                SAI1_IRQHandler
                0x08001ba0                DMA1_Stream3_IRQHandler
 *fill*         0x08001ba2        0x2 
 .text.HAL_Init
                0x08001ba4       0x44 ./Drivers/STM32F4xx_HAL_Driver/Src/stm32f4xx_hal.o
                0x08001ba4                HAL_Init
 .text.HAL_InitTick
                0x08001be8       0x60 ./Drivers/STM32F4xx_HAL_Driver/Src/stm32f4xx_hal.o
                0x08001be8                HAL_InitTick
 .text.HAL_IncTick
                0x08001c48       0x28 ./Drivers/STM32F4xx_HAL_Driver/Src/stm32f4xx_hal.o
                0x08001c48                HAL_IncTick
 .text.HAL_GetTick
                0x08001c70       0x18 ./Drivers/STM32F4xx_HAL_Driver/Src/stm32f4xx_hal.o
                0x08001c70                HAL_GetTick
 .text.HAL_Delay
                0x08001c88       0x48 ./Drivers/STM32F4xx_HAL_Driver/Src/stm32f4xx_hal.o
                0x08001c88                HAL_Delay
 .text.__NVIC_SetPriorityGrouping
                0x08001cd0       0x48 ./Drivers/STM32F4xx_HAL_Driver/Src/stm32f4xx_hal_cortex.o
 .text.__NVIC_GetPriorityGrouping
                0x08001d18       0x1c ./Drivers/STM32F4xx_HAL_Driver/Src/stm32f4xx_hal_cortex.o
 .text.__NVIC_EnableIRQ
                0x08001d34       0x3c ./Drivers/STM32F4xx_HAL_Driver/Src/stm32f4xx_hal_cortex.o
 .text.__NVIC_SetPriority
                0x08001d70       0x54 ./Drivers/STM32F4xx_HAL_Driver/Src/stm32f4xx_hal_cortex.o
 .text.NVIC_EncodePriority
                0x08001dc4       0x66 ./Drivers/STM32F4xx_HAL_Driver/Src/stm32f4xx_hal_cortex.o
 *fill*         0x08001e2a        0x2 
 .text.SysTick_Config
                0x08001e2c       0x44 ./Drivers/STM32F4xx_HAL_Driver/Src/stm32f4xx_hal_cortex.o
 .text.HAL_NVIC_SetPriorityGrouping
                0x08001e70       0x16 ./Drivers/STM32F4xx_HAL_Driver/Src/stm32f4xx_hal_cortex.o
                0x08001e70                HAL_NVIC_SetPriorityGrouping
 .text.HAL_NVIC_SetPriority
                0x08001e86       0x38 ./Drivers/STM32F4xx_HAL_Driver/Src/stm32f4xx_hal_cortex.o
                0x08001e86                HAL_NVIC_SetPriority
 .text.HAL_NVIC_EnableIRQ
                0x08001ebe       0x1c ./Drivers/STM32F4xx_HAL_Driver/Src/stm32f4xx_hal_cortex.o
                0x08001ebe                HAL_NVIC_EnableIRQ
 .text.HAL_SYSTICK_Config
                0x08001eda       0x18 ./Drivers/STM32F4xx_HAL_Driver/Src/stm32f4xx_hal_cortex.o
                0x08001eda                HAL_SYSTICK_Config
 *fill*         0x08001ef2        0x2 
 .text.HAL_GPIO_Init
                0x08001ef4      0x328 ./Drivers/STM32F4xx_HAL_Driver/Src/stm32f4xx_hal_gpio.o
                0x08001ef4                HAL_GPIO_Init
 .text.HAL_GPIO_ReadPin
                0x0800221c       0x30 ./Drivers/STM32F4xx_HAL_Driver/Src/stm32f4xx_hal_gpio.o
                0x0800221c                HAL_GPIO_ReadPin
 .text.HAL_GPIO_WritePin
                0x0800224c       0x32 ./Drivers/STM32F4xx_HAL_Driver/Src/stm32f4xx_hal_gpio.o
                0x0800224c                HAL_GPIO_WritePin
 *fill*         0x0800227e        0x2 
 .text.HAL_GPIO_EXTI_IRQHandler
                0x08002280       0x30 ./Drivers/STM32F4xx_HAL_Driver/Src/stm32f4xx_hal_gpio.o
                0x08002280                HAL_GPIO_EXTI_IRQHandler
 .text.HAL_GPIO_EXTI_Callback
                0x080022b0       0x16 ./Drivers/STM32F4xx_HAL_Driver/Src/stm32f4xx_hal_gpio.o
                0x080022b0                HAL_GPIO_EXTI_Callback
 *fill*         0x080022c6        0x2 
 .text.HAL_I2C_Init
                0x080022c8      0x288 ./Drivers/STM32F4xx_HAL_Driver/Src/stm32f4xx_hal_i2c.o
                0x080022c8                HAL_I2C_Init
 .text.HAL_I2C_Master_Transmit
                0x08002550      0x1fc ./Drivers/STM32F4xx_HAL_Driver/Src/stm32f4xx_hal_i2c.o
                0x08002550                HAL_I2C_Master_Transmit
 .text.HAL_I2C_IsDeviceReady
                0x0800274c      0x25c ./Drivers/STM32F4xx_HAL_Driver/Src/stm32f4xx_hal_i2c.o
                0x0800274c                HAL_I2C_IsDeviceReady
 .text.I2C_MasterRequestWrite
                0x080029a8      0x104 ./Drivers/STM32F4xx_HAL_Driver/Src/stm32f4xx_hal_i2c.o
 .text.I2C_WaitOnFlagUntilTimeout
                0x08002aac       0xf4 ./Drivers/STM32F4xx_HAL_Driver/Src/stm32f4xx_hal_i2c.o
 .text.I2C_WaitOnMasterAddressFlagUntilTimeout
                0x08002ba0      0x140 ./Drivers/STM32F4xx_HAL_Driver/Src/stm32f4xx_hal_i2c.o
 .text.I2C_WaitOnTXEFlagUntilTimeout
                0x08002ce0       0x90 ./Drivers/STM32F4xx_HAL_Driver/Src/stm32f4xx_hal_i2c.o
 .text.I2C_WaitOnBTFFlagUntilTimeout
                0x08002d70       0x90 ./Drivers/STM32F4xx_HAL_Driver/Src/stm32f4xx_hal_i2c.o
 .text.I2C_IsAcknowledgeFailed
                0x08002e00       0x5e ./Drivers/STM32F4xx_HAL_Driver/Src/stm32f4xx_hal_i2c.o
 .text.HAL_PCD_Init
                0x08002e5e      0x22c ./Drivers/STM32F4xx_HAL_Driver/Src/stm32f4xx_hal_pcd.o
                0x08002e5e                HAL_PCD_Init
 .text.HAL_PCDEx_ActivateLPM
                0x0800308a       0x48 ./Drivers/STM32F4xx_HAL_Driver/Src/stm32f4xx_hal_pcd_ex.o
                0x0800308a                HAL_PCDEx_ActivateLPM
 *fill*         0x080030d2        0x2 
 .text.HAL_RCC_ClockConfig
                0x080030d4      0x1cc ./Drivers/STM32F4xx_HAL_Driver/Src/stm32f4xx_hal_rcc.o
                0x080030d4                HAL_RCC_ClockConfig
 .text.HAL_RCC_GetHCLKFreq
                0x080032a0       0x18 ./Drivers/STM32F4xx_HAL_Driver/Src/stm32f4xx_hal_rcc.o
                0x080032a0                HAL_RCC_GetHCLKFreq
 .text.HAL_RCC_GetPCLK1Freq
                0x080032b8       0x28 ./Drivers/STM32F4xx_HAL_Driver/Src/stm32f4xx_hal_rcc.o
                0x080032b8                HAL_RCC_GetPCLK1Freq
 .text.HAL_RCC_GetPCLK2Freq
                0x080032e0       0x28 ./Drivers/STM32F4xx_HAL_Driver/Src/stm32f4xx_hal_rcc.o
                0x080032e0                HAL_RCC_GetPCLK2Freq
 .text.HAL_RCCEx_PeriphCLKConfig
                0x08003308      0x654 ./Drivers/STM32F4xx_HAL_Driver/Src/stm32f4xx_hal_rcc_ex.o
                0x08003308                HAL_RCCEx_PeriphCLKConfig
 .text.HAL_RCC_GetSysClockFreq
                0x0800395c      0x460 ./Drivers/STM32F4xx_HAL_Driver/Src/stm32f4xx_hal_rcc_ex.o
                0x0800395c                HAL_RCC_GetSysClockFreq
 .text.HAL_RCC_OscConfig
                0x08003dbc      0x53c ./Drivers/STM32F4xx_HAL_Driver/Src/stm32f4xx_hal_rcc_ex.o
                0x08003dbc                HAL_RCC_OscConfig
 .text.HAL_TIM_Base_Init
                0x080042f8       0x9e ./Drivers/STM32F4xx_HAL_Driver/Src/stm32f4xx_hal_tim.o
                0x080042f8                HAL_TIM_Base_Init
 *fill*         0x08004396        0x2 
 .text.HAL_TIM_Base_Start
                0x08004398       0xd0 ./Drivers/STM32F4xx_HAL_Driver/Src/stm32f4xx_hal_tim.o
                0x08004398                HAL_TIM_Base_Start
 .text.HAL_TIM_PWM_Init
                0x08004468       0x9e ./Drivers/STM32F4xx_HAL_Driver/Src/stm32f4xx_hal_tim.o
                0x08004468                HAL_TIM_PWM_Init
 .text.HAL_TIM_PWM_MspInit
                0x08004506       0x14 ./Drivers/STM32F4xx_HAL_Driver/Src/stm32f4xx_hal_tim.o
                0x08004506                HAL_TIM_PWM_MspInit
 *fill*         0x0800451a        0x2 
 .text.HAL_TIM_PWM_Start
                0x0800451c      0x190 ./Drivers/STM32F4xx_HAL_Driver/Src/stm32f4xx_hal_tim.o
                0x0800451c                HAL_TIM_PWM_Start
 .text.HAL_TIM_PWM_ConfigChannel
                0x080046ac      0x184 ./Drivers/STM32F4xx_HAL_Driver/Src/stm32f4xx_hal_tim.o
                0x080046ac                HAL_TIM_PWM_ConfigChannel
 .text.HAL_TIM_ConfigClockSource
                0x08004830      0x18e ./Drivers/STM32F4xx_HAL_Driver/Src/stm32f4xx_hal_tim.o
                0x08004830                HAL_TIM_ConfigClockSource
 *fill*         0x080049be        0x2 
 .text.TIM_Base_SetConfig
                0x080049c0      0x14c ./Drivers/STM32F4xx_HAL_Driver/Src/stm32f4xx_hal_tim.o
                0x080049c0                TIM_Base_SetConfig
 .text.TIM_OC1_SetConfig
                0x08004b0c       0xe0 ./Drivers/STM32F4xx_HAL_Driver/Src/stm32f4xx_hal_tim.o
 .text.TIM_OC2_SetConfig
                0x08004bec       0xec ./Drivers/STM32F4xx_HAL_Driver/Src/stm32f4xx_hal_tim.o
                0x08004bec                TIM_OC2_SetConfig
 .text.TIM_OC3_SetConfig
                0x08004cd8       0xe8 ./Drivers/STM32F4xx_HAL_Driver/Src/stm32f4xx_hal_tim.o
 .text.TIM_OC4_SetConfig
                0x08004dc0       0xac ./Drivers/STM32F4xx_HAL_Driver/Src/stm32f4xx_hal_tim.o
 .text.TIM_TI1_ConfigInputStage
                0x08004e6c       0x5e ./Drivers/STM32F4xx_HAL_Driver/Src/stm32f4xx_hal_tim.o
 .text.TIM_TI2_ConfigInputStage
                0x08004eca       0x60 ./Drivers/STM32F4xx_HAL_Driver/Src/stm32f4xx_hal_tim.o
 .text.TIM_ITRx_SetConfig
                0x08004f2a       0x36 ./Drivers/STM32F4xx_HAL_Driver/Src/stm32f4xx_hal_tim.o
 .text.TIM_ETR_SetConfig
                0x08004f60       0x40 ./Drivers/STM32F4xx_HAL_Driver/Src/stm32f4xx_hal_tim.o
                0x08004f60                TIM_ETR_SetConfig
 .text.TIM_CCxChannelCmd
                0x08004fa0       0x4a ./Drivers/STM32F4xx_HAL_Driver/Src/stm32f4xx_hal_tim.o
                0x08004fa0                TIM_CCxChannelCmd
 *fill*         0x08004fea        0x2 
 .text.HAL_TIMEx_MasterConfigSynchronization
                0x08004fec       0xf8 ./Drivers/STM32F4xx_HAL_Driver/Src/stm32f4xx_hal_tim_ex.o
                0x08004fec                HAL_TIMEx_MasterConfigSynchronization
 .text.HAL_UART_Init
                0x080050e4       0xa0 ./Drivers/STM32F4xx_HAL_Driver/Src/stm32f4xx_hal_uart.o
                0x080050e4                HAL_UART_Init
 .text.UART_SetConfig
                0x08005184      0x4e8 ./Drivers/STM32F4xx_HAL_Driver/Src/stm32f4xx_hal_uart.o
 .text.USB_CoreInit
                0x0800566c       0xc8 ./Drivers/STM32F4xx_HAL_Driver/Src/stm32f4xx_ll_usb.o
                0x0800566c                USB_CoreInit
 .text.USB_DisableGlobalInt
                0x08005734       0x22 ./Drivers/STM32F4xx_HAL_Driver/Src/stm32f4xx_ll_usb.o
                0x08005734                USB_DisableGlobalInt
 .text.USB_SetCurrentMode
                0x08005756       0x98 ./Drivers/STM32F4xx_HAL_Driver/Src/stm32f4xx_ll_usb.o
                0x08005756                USB_SetCurrentMode
 *fill*         0x080057ee        0x2 
 .text.USB_DevInit
                0x080057f0      0x2bc ./Drivers/STM32F4xx_HAL_Driver/Src/stm32f4xx_ll_usb.o
                0x080057f0                USB_DevInit
 .text.USB_FlushTxFifo
                0x08005aac       0x64 ./Drivers/STM32F4xx_HAL_Driver/Src/stm32f4xx_ll_usb.o
                0x08005aac                USB_FlushTxFifo
 .text.USB_FlushRxFifo
                0x08005b10       0x5c ./Drivers/STM32F4xx_HAL_Driver/Src/stm32f4xx_ll_usb.o
                0x08005b10                USB_FlushRxFifo
 .text.USB_SetDevSpeed
                0x08005b6c       0x32 ./Drivers/STM32F4xx_HAL_Driver/Src/stm32f4xx_ll_usb.o
                0x08005b6c                USB_SetDevSpeed
 .text.USB_DevDisconnect
                0x08005b9e       0x42 ./Drivers/STM32F4xx_HAL_Driver/Src/stm32f4xx_ll_usb.o
                0x08005b9e                USB_DevDisconnect
 .text.USB_GetMode
                0x08005be0       0x1c ./Drivers/STM32F4xx_HAL_Driver/Src/stm32f4xx_ll_usb.o
                0x08005be0                USB_GetMode
 .text.USB_CoreReset
                0x08005bfc       0x70 ./Drivers/STM32F4xx_HAL_Driver/Src/stm32f4xx_ll_usb.o
 .text.sprintf  0x08005c6c       0x44 C:/UOFT/Y3 Winter/ECE342/Labs/STM32CubeIDE_2.0.0/STM32CubeIDE/plugins/com.st.stm32cube.ide.mcu.externaltools.gnu-tools-for-stm32.13.3.rel1.win32_1.0.100.202509120712/tools/bin/../lib/gcc/arm-none-eabi/13.3.1/../../../../arm-none-eabi/lib/thumb/v7e-m+fp/hard\libc_nano.a(libc_a-sprintf.o)
                0x08005c6c                siprintf
                0x08005c6c                sprintf
 .text.memset   0x08005cb0       0x10 C:/UOFT/Y3 Winter/ECE342/Labs/STM32CubeIDE_2.0.0/STM32CubeIDE/plugins/com.st.stm32cube.ide.mcu.externaltools.gnu-tools-for-stm32.13.3.rel1.win32_1.0.100.202509120712/tools/bin/../lib/gcc/arm-none-eabi/13.3.1/../../../../arm-none-eabi/lib/thumb/v7e-m+fp/hard\libc_nano.a(libc_a-memset.o)
                0x08005cb0                memset
 .text.__errno  0x08005cc0        0xc C:/UOFT/Y3 Winter/ECE342/Labs/STM32CubeIDE_2.0.0/STM32CubeIDE/plugins/com.st.stm32cube.ide.mcu.externaltools.gnu-tools-for-stm32.13.3.rel1.win32_1.0.100.202509120712/tools/bin/../lib/gcc/arm-none-eabi/13.3.1/../../../../arm-none-eabi/lib/thumb/v7e-m+fp/hard\libc_nano.a(libc_a-errno.o)
                0x08005cc0                __errno
 .text.__libc_init_array
                0x08005ccc       0x48 C:/UOFT/Y3 Winter/ECE342/Labs/STM32CubeIDE_2.0.0/STM32CubeIDE/plugins/com.st.stm32cube.ide.mcu.externaltools.gnu-tools-for-stm32.13.3.rel1.win32_1.0.100.202509120712/tools/bin/../lib/gcc/arm-none-eabi/13.3.1/../../../../arm-none-eabi/lib/thumb/v7e-m+fp/hard\libc_nano.a(libc_a-init.o)
                0x08005ccc                __libc_init_array
 .text.__retarget_lock_acquire_recursive
                0x08005d14        0x2 C:/UOFT/Y3 Winter/ECE342/Labs/STM32CubeIDE_2.0.0/STM32CubeIDE/plugins/com.st.stm32cube.ide.mcu.externaltools.gnu-tools-for-stm32.13.3.rel1.win32_1.0.100.202509120712/tools/bin/../lib/gcc/arm-none-eabi/13.3.1/../../../../arm-none-eabi/lib/thumb/v7e-m+fp/hard\libc_nano.a(libc_a-lock.o)
                0x08005d14                __retarget_lock_acquire_recursive
 .text.__retarget_lock_release_recursive
                0x08005d16        0x2 C:/UOFT/Y3 Winter/ECE342/Labs/STM32CubeIDE_2.0.0/STM32CubeIDE/plugins/com.st.stm32cube.ide.mcu.externaltools.gnu-tools-for-stm32.13.3.rel1.win32_1.0.100.202509120712/tools/bin/../lib/gcc/arm-none-eabi/13.3.1/../../../../arm-none-eabi/lib/thumb/v7e-m+fp/hard\libc_nano.a(libc_a-lock.o)
                0x08005d16                __retarget_lock_release_recursive
 .text._free_r  0x08005d18       0x94 C:/UOFT/Y3 Winter/ECE342/Labs/STM32CubeIDE_2.0.0/STM32CubeIDE/plugins/com.st.stm32cube.ide.mcu.externaltools.gnu-tools-for-stm32.13.3.rel1.win32_1.0.100.202509120712/tools/bin/../lib/gcc/arm-none-eabi/13.3.1/../../../../arm-none-eabi/lib/thumb/v7e-m+fp/hard\libc_nano.a(libc_a-freer.o)
                0x08005d18                _free_r
 .text.sbrk_aligned
                0x08005dac       0x44 C:/UOFT/Y3 Winter/ECE342/Labs/STM32CubeIDE_2.0.0/STM32CubeIDE/plugins/com.st.stm32cube.ide.mcu.externaltools.gnu-tools-for-stm32.13.3.rel1.win32_1.0.100.202509120712/tools/bin/../lib/gcc/arm-none-eabi/13.3.1/../../../../arm-none-eabi/lib/thumb/v7e-m+fp/hard\libc_nano.a(libc_a-mallocr.o)
 .text._malloc_r
                0x08005df0      0x100 C:/UOFT/Y3 Winter/ECE342/Labs/STM32CubeIDE_2.0.0/STM32CubeIDE/plugins/com.st.stm32cube.ide.mcu.externaltools.gnu-tools-for-stm32.13.3.rel1.win32_1.0.100.202509120712/tools/bin/../lib/gcc/arm-none-eabi/13.3.1/../../../../arm-none-eabi/lib/thumb/v7e-m+fp/hard\libc_nano.a(libc_a-mallocr.o)
                0x08005df0                _malloc_r
 .text.__malloc_lock
                0x08005ef0        0xc C:/UOFT/Y3 Winter/ECE342/Labs/STM32CubeIDE_2.0.0/STM32CubeIDE/plugins/com.st.stm32cube.ide.mcu.externaltools.gnu-tools-for-stm32.13.3.rel1.win32_1.0.100.202509120712/tools/bin/../lib/gcc/arm-none-eabi/13.3.1/../../../../arm-none-eabi/lib/thumb/v7e-m+fp/hard\libc_nano.a(libc_a-mlock.o)
                0x08005ef0                __malloc_lock
 .text.__malloc_unlock
                0x08005efc        0xc C:/UOFT/Y3 Winter/ECE342/Labs/STM32CubeIDE_2.0.0/STM32CubeIDE/plugins/com.st.stm32cube.ide.mcu.externaltools.gnu-tools-for-stm32.13.3.rel1.win32_1.0.100.202509120712/tools/bin/../lib/gcc/arm-none-eabi/13.3.1/../../../../arm-none-eabi/lib/thumb/v7e-m+fp/hard\libc_nano.a(libc_a-mlock.o)
                0x08005efc                __malloc_unlock
 .text.__ssputs_r
                0x08005f08       0xb6 C:/UOFT/Y3 Winter/ECE342/Labs/STM32CubeIDE_2.0.0/STM32CubeIDE/plugins/com.st.stm32cube.ide.mcu.externaltools.gnu-tools-for-stm32.13.3.rel1.win32_1.0.100.202509120712/tools/bin/../lib/gcc/arm-none-eabi/13.3.1/../../../../arm-none-eabi/lib/thumb/v7e-m+fp/hard\libc_nano.a(libc_a-nano-svfprintf.o)
                0x08005f08                __ssputs_r
 *fill*         0x08005fbe        0x2 
 .text._svfprintf_r
                0x08005fc0      0x1f8 C:/UOFT/Y3 Winter/ECE342/Labs/STM32CubeIDE_2.0.0/STM32CubeIDE/plugins/com.st.stm32cube.ide.mcu.externaltools.gnu-tools-for-stm32.13.3.rel1.win32_1.0.100.202509120712/tools/bin/../lib/gcc/arm-none-eabi/13.3.1/../../../../arm-none-eabi/lib/thumb/v7e-m+fp/hard\libc_nano.a(libc_a-nano-svfprintf.o)
                0x08005fc0                _svfiprintf_r
                0x08005fc0                _svfprintf_r
 .text._printf_common
                0x080061b8       0xda C:/UOFT/Y3 Winter/ECE342/Labs/STM32CubeIDE_2.0.0/STM32CubeIDE/plugins/com.st.stm32cube.ide.mcu.externaltools.gnu-tools-for-stm32.13.3.rel1.win32_1.0.100.202509120712/tools/bin/../lib/gcc/arm-none-eabi/13.3.1/../../../../arm-none-eabi/lib/thumb/v7e-m+fp/hard\libc_nano.a(libc_a-nano-vfprintf_i.o)
                0x080061b8                _printf_common
 *fill*         0x08006292        0x2 
 .text._printf_i
                0x08006294      0x23c C:/UOFT/Y3 Winter/ECE342/Labs/STM32CubeIDE_2.0.0/STM32CubeIDE/plugins/com.st.stm32cube.ide.mcu.externaltools.gnu-tools-for-stm32.13.3.rel1.win32_1.0.100.202509120712/tools/bin/../lib/gcc/arm-none-eabi/13.3.1/../../../../arm-none-eabi/lib/thumb/v7e-m+fp/hard\libc_nano.a(libc_a-nano-vfprintf_i.o)
                0x08006294                _printf_i
 .text.memmove  0x080064d0       0x34 C:/UOFT/Y3 Winter/ECE342/Labs/STM32CubeIDE_2.0.0/STM32CubeIDE/plugins/com.st.stm32cube.ide.mcu.externaltools.gnu-tools-for-stm32.13.3.rel1.win32_1.0.100.202509120712/tools/bin/../lib/gcc/arm-none-eabi/13.3.1/../../../../arm-none-eabi/lib/thumb/v7e-m+fp/hard\libc_nano.a(libc_a-memmove.o)
                0x080064d0                memmove
 .text._sbrk_r  0x08006504       0x20 C:/UOFT/Y3 Winter/ECE342/Labs/STM32CubeIDE_2.0.0/STM32CubeIDE/plugins/com.st.stm32cube.ide.mcu.externaltools.gnu-tools-for-stm32.13.3.rel1.win32_1.0.100.202509120712/tools/bin/../lib/gcc/arm-none-eabi/13.3.1/../../../../arm-none-eabi/lib/thumb/v7e-m+fp/hard\libc_nano.a(libc_a-sbrkr.o)
                0x08006504                _sbrk_r
 .text.memcpy   0x08006524       0x1c C:/UOFT/Y3 Winter/ECE342/Labs/STM32CubeIDE_2.0.0/STM32CubeIDE/plugins/com.st.stm32cube.ide.mcu.externaltools.gnu-tools-for-stm32.13.3.rel1.win32_1.0.100.202509120712/tools/bin/../lib/gcc/arm-none-eabi/13.3.1/../../../../arm-none-eabi/lib/thumb/v7e-m+fp/hard\libc_nano.a(libc_a-memcpy-stub.o)
                0x08006524                memcpy
 .text._realloc_r
                0x08006540       0x5c C:/UOFT/Y3 Winter/ECE342/Labs/STM32CubeIDE_2.0.0/STM32CubeIDE/plugins/com.st.stm32cube.ide.mcu.externaltools.gnu-tools-for-stm32.13.3.rel1.win32_1.0.100.202509120712/tools/bin/../lib/gcc/arm-none-eabi/13.3.1/../../../../arm-none-eabi/lib/thumb/v7e-m+fp/hard\libc_nano.a(libc_a-reallocr.o)
                0x08006540                _realloc_r
 .text._malloc_usable_size_r
                0x0800659c       0x10 C:/UOFT/Y3 Winter/ECE342/Labs/STM32CubeIDE_2.0.0/STM32CubeIDE/plugins/com.st.stm32cube.ide.mcu.externaltools.gnu-tools-for-stm32.13.3.rel1.win32_1.0.100.202509120712/tools/bin/../lib/gcc/arm-none-eabi/13.3.1/../../../../arm-none-eabi/lib/thumb/v7e-m+fp/hard\libc_nano.a(libc_a-msizer.o)
                0x0800659c                _malloc_usable_size_r
 *(.glue_7)
 .glue_7        0x080065ac        0x0 linker stubs
 *(.glue_7t)
 .glue_7t       0x080065ac        0x0 linker stubs
 *(.eh_frame)
 .eh_frame      0x080065ac        0x0 C:/UOFT/Y3 Winter/ECE342/Labs/STM32CubeIDE_2.0.0/STM32CubeIDE/plugins/com.st.stm32cube.ide.mcu.externaltools.gnu-tools-for-stm32.13.3.rel1.win32_1.0.100.202509120712/tools/bin/../lib/gcc/arm-none-eabi/13.3.1/thumb/v7e-m+fp/hard/crtbegin.o
 *(.init)
 .init          0x080065ac        0x4 C:/UOFT/Y3 Winter/ECE342/Labs/STM32CubeIDE_2.0.0/STM32CubeIDE/plugins/com.st.stm32cube.ide.mcu.externaltools.gnu-tools-for-stm32.13.3.rel1.win32_1.0.100.202509120712/tools/bin/../lib/gcc/arm-none-eabi/13.3.1/thumb/v7e-m+fp/hard/crti.o
                0x080065ac                _init
 .init          0x080065b0        0x8 C:/UOFT/Y3 Winter/ECE342/Labs/STM32CubeIDE_2.0.0/STM32CubeIDE/plugins/com.st.stm32cube.ide.mcu.externaltools.gnu-tools-for-stm32.13.3.rel1.win32_1.0.100.202509120712/tools/bin/../lib/gcc/arm-none-eabi/13.3.1/thumb/v7e-m+fp/hard/crtn.o
 *(.fini)
 .fini          0x080065b8        0x4 C:/UOFT/Y3 Winter/ECE342/Labs/STM32CubeIDE_2.0.0/STM32CubeIDE/plugins/com.st.stm32cube.ide.mcu.externaltools.gnu-tools-for-stm32.13.3.rel1.win32_1.0.100.202509120712/tools/bin/../lib/gcc/arm-none-eabi/13.3.1/thumb/v7e-m+fp/hard/crti.o
                0x080065b8                _fini
 .fini          0x080065bc        0x8 C:/UOFT/Y3 Winter/ECE342/Labs/STM32CubeIDE_2.0.0/STM32CubeIDE/plugins/com.st.stm32cube.ide.mcu.externaltools.gnu-tools-for-stm32.13.3.rel1.win32_1.0.100.202509120712/tools/bin/../lib/gcc/arm-none-eabi/13.3.1/thumb/v7e-m+fp/hard/crtn.o
                0x080065c4                        . = ALIGN (0x4)
                0x080065c4                        _etext = .

.vfp11_veneer   0x080065c4        0x0
 .vfp11_veneer  0x080065c4        0x0 linker stubs

.v4_bx          0x080065c4        0x0
 .v4_bx         0x080065c4        0x0 linker stubs

.iplt           0x080065c4        0x0
 .iplt          0x080065c4        0x0 C:/UOFT/Y3 Winter/ECE342/Labs/STM32CubeIDE_2.0.0/STM32CubeIDE/plugins/com.st.stm32cube.ide.mcu.externaltools.gnu-tools-for-stm32.13.3.rel1.win32_1.0.100.202509120712/tools/bin/../lib/gcc/arm-none-eabi/13.3.1/thumb/v7e-m+fp/hard/crtbegin.o

.rodata         0x080065c4      0x854
                0x080065c4                        . = ALIGN (0x4)
 *(.rodata)
 .rodata        0x080065c4       0x7e ./Core/Src/ssd1306.o
 *(.rodata*)
 *fill*         0x08006642        0x2 
 .rodata.Font7x10
                0x08006644      0x76c ./Core/Src/fonts.o
                0x08006644                Font7x10
 .rodata.image_runs
                0x08006db0        0x0 ./Core/Src/main.o
                0x08006db0                image_runs
 .rodata.run_counts
                0x08006db0       0x19 ./Core/Src/main.o
                0x08006db0                run_counts
 *fill*         0x08006dc9        0x3 
 .rodata.AHBPrescTable
                0x08006dcc       0x10 ./Core/Src/system_stm32f4xx.o
                0x08006dcc                AHBPrescTable
 .rodata.APBPrescTable
                0x08006ddc        0x8 ./Core/Src/system_stm32f4xx.o
                0x08006ddc                APBPrescTable
 .rodata._svfprintf_r.str1.1
                0x08006de4       0x33 C:/UOFT/Y3 Winter/ECE342/Labs/STM32CubeIDE_2.0.0/STM32CubeIDE/plugins/com.st.stm32cube.ide.mcu.externaltools.gnu-tools-for-stm32.13.3.rel1.win32_1.0.100.202509120712/tools/bin/../lib/gcc/arm-none-eabi/13.3.1/../../../../arm-none-eabi/lib/thumb/v7e-m+fp/hard\libc_nano.a(libc_a-nano-svfprintf.o)
                                 0x11 (size before relaxing)
 .rodata._printf_i.str1.1
                0x08006e17        0x0 C:/UOFT/Y3 Winter/ECE342/Labs/STM32CubeIDE_2.0.0/STM32CubeIDE/plugins/com.st.stm32cube.ide.mcu.externaltools.gnu-tools-for-stm32.13.3.rel1.win32_1.0.100.202509120712/tools/bin/../lib/gcc/arm-none-eabi/13.3.1/../../../../arm-none-eabi/lib/thumb/v7e-m+fp/hard\libc_nano.a(libc_a-nano-vfprintf_i.o)
                                 0x22 (size before relaxing)
                0x08006e18                        . = ALIGN (0x4)
 *fill*         0x08006e17        0x1 

.ARM.extab      0x08006e18        0x0
                0x08006e18                        . = ALIGN (0x4)
 *(.ARM.extab* .gnu.linkonce.armextab.*)
                0x08006e18                        . = ALIGN (0x4)

.ARM            0x08006e18        0x8
                0x08006e18                        . = ALIGN (0x4)
                0x08006e18                        __exidx_start = .
 *(.ARM.exidx*)
 .ARM.exidx     0x08006e18        0x8 C:/UOFT/Y3 Winter/ECE342/Labs/STM32CubeIDE_2.0.0/STM32CubeIDE/plugins/com.st.stm32cube.ide.mcu.externaltools.gnu-tools-for-stm32.13.3.rel1.win32_1.0.100.202509120712/tools/bin/../lib/gcc/arm-none-eabi/13.3.1/../../../../arm-none-eabi/lib/thumb/v7e-m+fp/hard\libc_nano.a(libc_a-memchr.o)
 .ARM.exidx     0x08006e20        0x0 C:/UOFT/Y3 Winter/ECE342/Labs/STM32CubeIDE_2.0.0/STM32CubeIDE/plugins/com.st.stm32cube.ide.mcu.externaltools.gnu-tools-for-stm32.13.3.rel1.win32_1.0.100.202509120712/tools/bin/../lib/gcc/arm-none-eabi/13.3.1/thumb/v7e-m+fp/hard\libgcc.a(_udivmoddi4.o)
                                  0x8 (size before relaxing)
                0x08006e20                        __exidx_end = .
                0x08006e20                        . = ALIGN (0x4)

.preinit_array  0x08006e20        0x0
                0x08006e20                        . = ALIGN (0x4)
                0x08006e20                        PROVIDE (__preinit_array_start = .)
 *(.preinit_array*)
                0x08006e20                        PROVIDE (__preinit_array_end = .)
                0x08006e20                        . = ALIGN (0x4)

.init_array     0x08006e20        0x4
                0x08006e20                        . = ALIGN (0x4)
                0x08006e20                        PROVIDE (__init_array_start = .)
 *(SORT_BY_NAME(.init_array.*))
 *(.init_array*)
 .init_array    0x08006e20        0x4 C:/UOFT/Y3 Winter/ECE342/Labs/STM32CubeIDE_2.0.0/STM32CubeIDE/plugins/com.st.stm32cube.ide.mcu.externaltools.gnu-tools-for-stm32.13.3.rel1.win32_1.0.100.202509120712/tools/bin/../lib/gcc/arm-none-eabi/13.3.1/thumb/v7e-m+fp/hard/crtbegin.o
                0x08006e24                        PROVIDE (__init_array_end = .)
                0x08006e24                        . = ALIGN (0x4)

.fini_array     0x08006e24        0x4
                0x08006e24                        . = ALIGN (0x4)
                [!provide]                        PROVIDE (__fini_array_start = .)
 *(SORT_BY_NAME(.fini_array.*))
 *(.fini_array*)
 .fini_array    0x08006e24        0x4 C:/UOFT/Y3 Winter/ECE342/Labs/STM32CubeIDE_2.0.0/STM32CubeIDE/plugins/com.st.stm32cube.ide.mcu.externaltools.gnu-tools-for-stm32.13.3.rel1.win32_1.0.100.202509120712/tools/bin/../lib/gcc/arm-none-eabi/13.3.1/thumb/v7e-m+fp/hard/crtbegin.o
                [!provide]                        PROVIDE (__fini_array_end = .)
                0x08006e28                        . = ALIGN (0x4)
                0x08006e28                        _sidata = LOADADDR (.data)

.rel.dyn        0x08006e28        0x0
 .rel.iplt      0x08006e28        0x0 C:/UOFT/Y3 Winter/ECE342/Labs/STM32CubeIDE_2.0.0/STM32CubeIDE/plugins/com.st.stm32cube.ide.mcu.externaltools.gnu-tools-for-stm32.13.3.rel1.win32_1.0.100.202509120712/tools/bin/../lib/gcc/arm-none-eabi/13.3.1/thumb/v7e-m+fp/hard/crtbegin.o

.data           0x20000000       0x84 load address 0x08006e28
                0x20000000                        . = ALIGN (0x4)
                0x20000000                        _sdata = .
 *(.data)
 *(.data*)
 .data.Font_7x10
                0x20000000        0x8 ./Core/Src/fonts.o
                0x20000000                Font_7x10
 .data.SSD1306_Init_Config
                0x20000008       0x1d ./Core/Src/ssd1306.o
 *fill*         0x20000025        0x3 
 .data.SystemCoreClock
                0x20000028        0x4 ./Core/Src/system_stm32f4xx.o
                0x20000028                SystemCoreClock
 .data.uwTickPrio
                0x2000002c        0x4 ./Drivers/STM32F4xx_HAL_Driver/Src/stm32f4xx_hal.o
                0x2000002c                uwTickPrio
 .data.uwTickFreq
                0x20000030        0x1 ./Drivers/STM32F4xx_HAL_Driver/Src/stm32f4xx_hal.o
                0x20000030                uwTickFreq
 *fill*         0x20000031        0x3 
 .data._impure_ptr
                0x20000034        0x4 C:/UOFT/Y3 Winter/ECE342/Labs/STM32CubeIDE_2.0.0/STM32CubeIDE/plugins/com.st.stm32cube.ide.mcu.externaltools.gnu-tools-for-stm32.13.3.rel1.win32_1.0.100.202509120712/tools/bin/../lib/gcc/arm-none-eabi/13.3.1/../../../../arm-none-eabi/lib/thumb/v7e-m+fp/hard\libc_nano.a(libc_a-impure.o)
                0x20000034                _impure_ptr
 .data._impure_data
                0x20000038       0x4c C:/UOFT/Y3 Winter/ECE342/Labs/STM32CubeIDE_2.0.0/STM32CubeIDE/plugins/com.st.stm32cube.ide.mcu.externaltools.gnu-tools-for-stm32.13.3.rel1.win32_1.0.100.202509120712/tools/bin/../lib/gcc/arm-none-eabi/13.3.1/../../../../arm-none-eabi/lib/thumb/v7e-m+fp/hard\libc_nano.a(libc_a-impure.o)
                0x20000038                _impure_data
 *(.RamFunc)
 *(.RamFunc*)
                0x20000084                        . = ALIGN (0x4)
                0x20000084                        _edata = .

.igot.plt       0x20000084        0x0 load address 0x08006eac
 .igot.plt      0x20000084        0x0 C:/UOFT/Y3 Winter/ECE342/Labs/STM32CubeIDE_2.0.0/STM32CubeIDE/plugins/com.st.stm32cube.ide.mcu.externaltools.gnu-tools-for-stm32.13.3.rel1.win32_1.0.100.202509120712/tools/bin/../lib/gcc/arm-none-eabi/13.3.1/thumb/v7e-m+fp/hard/crtbegin.o
                0x20000084                        . = ALIGN (0x4)

.bss            0x20000084      0xc08 load address 0x08006eac
                0x20000084                        _sbss = .
                0x20000084                        __bss_start__ = _sbss
 *(.bss)
 .bss           0x20000084       0x1c C:/UOFT/Y3 Winter/ECE342/Labs/STM32CubeIDE_2.0.0/STM32CubeIDE/plugins/com.st.stm32cube.ide.mcu.externaltools.gnu-tools-for-stm32.13.3.rel1.win32_1.0.100.202509120712/tools/bin/../lib/gcc/arm-none-eabi/13.3.1/thumb/v7e-m+fp/hard/crtbegin.o
 *(.bss*)
 .bss.hi2c2     0x200000a0       0x54 ./Core/Src/main.o
                0x200000a0                hi2c2
 .bss.htim1     0x200000f4       0x48 ./Core/Src/main.o
                0x200000f4                htim1
 .bss.htim2     0x2000013c       0x48 ./Core/Src/main.o
                0x2000013c                htim2
 .bss.huart3    0x20000184       0x48 ./Core/Src/main.o
                0x20000184                huart3
 .bss.hpcd_USB_OTG_FS
                0x200001cc      0x4e4 ./Core/Src/main.o
                0x200001cc                hpcd_USB_OTG_FS
 .bss.run       0x200006b0        0x1 ./Core/Src/main.o
                0x200006b0                run
 .bss.calibrated.5
                0x200006b1        0x1 ./Core/Src/main.o
 .bss.initialized.4
                0x200006b2        0x1 ./Core/Src/main.o
 .bss.finish_printing.2
                0x200006b3        0x1 ./Core/Src/main.o
 .bss.finished.1
                0x200006b4        0x1 ./Core/Src/main.o
 .bss.moved.0   0x200006b5        0x1 ./Core/Src/main.o
 *fill*         0x200006b6        0x2 
 .bss.SSD1306_Buffer
                0x200006b8      0x400 ./Core/Src/ssd1306.o
 .bss.tx_buf    0x20000ab8       0x81 ./Core/Src/ssd1306.o
 *fill*         0x20000b39        0x3 
 .bss.__sbrk_heap_end
                0x20000b3c        0x4 ./Core/Src/sysmem.o
 .bss.uwTick    0x20000b40        0x4 ./Drivers/STM32F4xx_HAL_Driver/Src/stm32f4xx_hal.o
                0x20000b40                uwTick
 .bss.__sf      0x20000b44      0x138 C:/UOFT/Y3 Winter/ECE342/Labs/STM32CubeIDE_2.0.0/STM32CubeIDE/plugins/com.st.stm32cube.ide.mcu.externaltools.gnu-tools-for-stm32.13.3.rel1.win32_1.0.100.202509120712/tools/bin/../lib/gcc/arm-none-eabi/13.3.1/../../../../arm-none-eabi/lib/thumb/v7e-m+fp/hard\libc_nano.a(libc_a-findfp.o)
                0x20000b44                __sf
 .bss.errno     0x20000c7c        0x4 C:/UOFT/Y3 Winter/ECE342/Labs/STM32CubeIDE_2.0.0/STM32CubeIDE/plugins/com.st.stm32cube.ide.mcu.externaltools.gnu-tools-for-stm32.13.3.rel1.win32_1.0.100.202509120712/tools/bin/../lib/gcc/arm-none-eabi/13.3.1/../../../../arm-none-eabi/lib/thumb/v7e-m+fp/hard\libc_nano.a(libc_a-reent.o)
                0x20000c7c                errno
 .bss.__lock___malloc_recursive_mutex
                0x20000c80        0x1 C:/UOFT/Y3 Winter/ECE342/Labs/STM32CubeIDE_2.0.0/STM32CubeIDE/plugins/com.st.stm32cube.ide.mcu.externaltools.gnu-tools-for-stm32.13.3.rel1.win32_1.0.100.202509120712/tools/bin/../lib/gcc/arm-none-eabi/13.3.1/../../../../arm-none-eabi/lib/thumb/v7e-m+fp/hard\libc_nano.a(libc_a-lock.o)
                0x20000c80                __lock___malloc_recursive_mutex
 *fill*         0x20000c81        0x3 
 .bss.__malloc_sbrk_start
                0x20000c84        0x4 C:/UOFT/Y3 Winter/ECE342/Labs/STM32CubeIDE_2.0.0/STM32CubeIDE/plugins/com.st.stm32cube.ide.mcu.externaltools.gnu-tools-for-stm32.13.3.rel1.win32_1.0.100.202509120712/tools/bin/../lib/gcc/arm-none-eabi/13.3.1/../../../../arm-none-eabi/lib/thumb/v7e-m+fp/hard\libc_nano.a(libc_a-mallocr.o)
                0x20000c84                __malloc_sbrk_start
 .bss.__malloc_free_list
                0x20000c88        0x4 C:/UOFT/Y3 Winter/ECE342/Labs/STM32CubeIDE_2.0.0/STM32CubeIDE/plugins/com.st.stm32cube.ide.mcu.externaltools.gnu-tools-for-stm32.13.3.rel1.win32_1.0.100.202509120712/tools/bin/../lib/gcc/arm-none-eabi/13.3.1/../../../../arm-none-eabi/lib/thumb/v7e-m+fp/hard\libc_nano.a(libc_a-mallocr.o)
                0x20000c88                __malloc_free_list
 *(COMMON)
                0x20000c8c                        . = ALIGN (0x4)
                0x20000c8c                        _ebss = .
                0x20000c8c                        __bss_end__ = _ebss

._user_heap_stack
                0x20000c8c      0x604 load address 0x08006eac
                0x20000c90                        . = ALIGN (0x8)
 *fill*         0x20000c8c        0x4 
                [!provide]                        PROVIDE (end = .)
                0x20000c90                        PROVIDE (_end = .)
                0x20000e90                        . = (. + _Min_Heap_Size)
 *fill*         0x20000c90      0x200 
                0x20001290                        . = (. + _Min_Stack_Size)
 *fill*         0x20000e90      0x400 
                0x20001290                        . = ALIGN (0x8)

/DISCARD/
 libc.a(*)
 libm.a(*)
 libgcc.a(*)

.ARM.attributes
                0x00000000       0x30
 *(.ARM.attributes)
 .ARM.attributes
                0x00000000       0x22 C:/UOFT/Y3 Winter/ECE342/Labs/STM32CubeIDE_2.0.0/STM32CubeIDE/plugins/com.st.stm32cube.ide.mcu.externaltools.gnu-tools-for-stm32.13.3.rel1.win32_1.0.100.202509120712/tools/bin/../lib/gcc/arm-none-eabi/13.3.1/thumb/v7e-m+fp/hard/crti.o
 .ARM.attributes
                0x00000022       0x34 C:/UOFT/Y3 Winter/ECE342/Labs/STM32CubeIDE_2.0.0/STM32CubeIDE/plugins/com.st.stm32cube.ide.mcu.externaltools.gnu-tools-for-stm32.13.3.rel1.win32_1.0.100.202509120712/tools/bin/../lib/gcc/arm-none-eabi/13.3.1/thumb/v7e-m+fp/hard/crtbegin.o
 .ARM.attributes
                0x00000056       0x34 ./Core/Src/fonts.o
 .ARM.attributes
                0x0000008a       0x34 ./Core/Src/main.o
 .ARM.attributes
                0x000000be       0x34 ./Core/Src/ssd1306.o
 .ARM.attributes
                0x000000f2       0x34 ./Core/Src/stm32f4xx_hal_msp.o
 .ARM.attributes
                0x00000126       0x34 ./Core/Src/stm32f4xx_it.o
 .ARM.attributes
                0x0000015a       0x34 ./Core/Src/sysmem.o
 .ARM.attributes
                0x0000018e       0x34 ./Core/Src/system_stm32f4xx.o
 .ARM.attributes
                0x000001c2       0x21 ./Core/Startup/startup_stm32f446zetx.o
 .ARM.attributes
                0x000001e3       0x34 ./Drivers/STM32F4xx_HAL_Driver/Src/stm32f4xx_hal.o
 .ARM.attributes
                0x00000217       0x34 ./Drivers/STM32F4xx_HAL_Driver/Src/stm32f4xx_hal_cortex.o
 .ARM.attributes
                0x0000024b       0x34 ./Drivers/STM32F4xx_HAL_Driver/Src/stm32f4xx_hal_gpio.o
 .ARM.attributes
                0x0000027f       0x34 ./Drivers/STM32F4xx_HAL_Driver/Src/stm32f4xx_hal_i2c.o
 .ARM.attributes
                0x000002b3       0x34 ./Drivers/STM32F4xx_HAL_Driver/Src/stm32f4xx_hal_pcd.o
 .ARM.attributes
                0x000002e7       0x34 ./Drivers/STM32F4xx_HAL_Driver/Src/stm32f4xx_hal_pcd_ex.o
 .ARM.attributes
                0x0000031b       0x34 ./Drivers/STM32F4xx_HAL_Driver/Src/stm32f4xx_hal_rcc.o
 .ARM.attributes
                0x0000034f       0x34 ./Drivers/STM32F4xx_HAL_Driver/Src/stm32f4xx_hal_rcc_ex.o
 .ARM.attributes
                0x00000383       0x34 ./Drivers/STM32F4xx_HAL_Driver/Src/stm32f4xx_hal_tim.o
 .ARM.attributes
                0x000003b7       0x34 ./Drivers/STM32F4xx_HAL_Driver/Src/stm32f4xx_hal_tim_ex.o
 .ARM.attributes
                0x000003eb       0x34 ./Drivers/STM32F4xx_HAL_Driver/Src/stm32f4xx_hal_uart.o
 .ARM.attributes
                0x0000041f       0x34 ./Drivers/STM32F4xx_HAL_Driver/Src/stm32f4xx_ll_usb.o
 .ARM.attributes
                0x00000453       0x34 C:/UOFT/Y3 Winter/ECE342/Labs/STM32CubeIDE_2.0.0/STM32CubeIDE/plugins/com.st.stm32cube.ide.mcu.externaltools.gnu-tools-for-stm32.13.3.rel1.win32_1.0.100.202509120712/tools/bin/../lib/gcc/arm-none-eabi/13.3.1/../../../../arm-none-eabi/lib/thumb/v7e-m+fp/hard\libc_nano.a(libc_a-findfp.o)
 .ARM.attributes
                0x00000487       0x34 C:/UOFT/Y3 Winter/ECE342/Labs/STM32CubeIDE_2.0.0/STM32CubeIDE/plugins/com.st.stm32cube.ide.mcu.externaltools.gnu-tools-for-stm32.13.3.rel1.win32_1.0.100.202509120712/tools/bin/../lib/gcc/arm-none-eabi/13.3.1/../../../../arm-none-eabi/lib/thumb/v7e-m+fp/hard\libc_nano.a(libc_a-sprintf.o)
 .ARM.attributes
                0x000004bb       0x34 C:/UOFT/Y3 Winter/ECE342/Labs/STM32CubeIDE_2.0.0/STM32CubeIDE/plugins/com.st.stm32cube.ide.mcu.externaltools.gnu-tools-for-stm32.13.3.rel1.win32_1.0.100.202509120712/tools/bin/../lib/gcc/arm-none-eabi/13.3.1/../../../../arm-none-eabi/lib/thumb/v7e-m+fp/hard\libc_nano.a(libc_a-memset.o)
 .ARM.attributes
                0x000004ef       0x34 C:/UOFT/Y3 Winter/ECE342/Labs/STM32CubeIDE_2.0.0/STM32CubeIDE/plugins/com.st.stm32cube.ide.mcu.externaltools.gnu-tools-for-stm32.13.3.rel1.win32_1.0.100.202509120712/tools/bin/../lib/gcc/arm-none-eabi/13.3.1/../../../../arm-none-eabi/lib/thumb/v7e-m+fp/hard\libc_nano.a(libc_a-reent.o)
 .ARM.attributes
                0x00000523       0x34 C:/UOFT/Y3 Winter/ECE342/Labs/STM32CubeIDE_2.0.0/STM32CubeIDE/plugins/com.st.stm32cube.ide.mcu.externaltools.gnu-tools-for-stm32.13.3.rel1.win32_1.0.100.202509120712/tools/bin/../lib/gcc/arm-none-eabi/13.3.1/../../../../arm-none-eabi/lib/thumb/v7e-m+fp/hard\libc_nano.a(libc_a-impure.o)
 .ARM.attributes
                0x00000557       0x34 C:/UOFT/Y3 Winter/ECE342/Labs/STM32CubeIDE_2.0.0/STM32CubeIDE/plugins/com.st.stm32cube.ide.mcu.externaltools.gnu-tools-for-stm32.13.3.rel1.win32_1.0.100.202509120712/tools/bin/../lib/gcc/arm-none-eabi/13.3.1/../../../../arm-none-eabi/lib/thumb/v7e-m+fp/hard\libc_nano.a(libc_a-errno.o)
 .ARM.attributes
                0x0000058b       0x34 C:/UOFT/Y3 Winter/ECE342/Labs/STM32CubeIDE_2.0.0/STM32CubeIDE/plugins/com.st.stm32cube.ide.mcu.externaltools.gnu-tools-for-stm32.13.3.rel1.win32_1.0.100.202509120712/tools/bin/../lib/gcc/arm-none-eabi/13.3.1/../../../../arm-none-eabi/lib/thumb/v7e-m+fp/hard\libc_nano.a(libc_a-init.o)
 .ARM.attributes
                0x000005bf       0x34 C:/UOFT/Y3 Winter/ECE342/Labs/STM32CubeIDE_2.0.0/STM32CubeIDE/plugins/com.st.stm32cube.ide.mcu.externaltools.gnu-tools-for-stm32.13.3.rel1.win32_1.0.100.202509120712/tools/bin/../lib/gcc/arm-none-eabi/13.3.1/../../../../arm-none-eabi/lib/thumb/v7e-m+fp/hard\libc_nano.a(libc_a-lock.o)
 .ARM.attributes
                0x000005f3       0x34 C:/UOFT/Y3 Winter/ECE342/Labs/STM32CubeIDE_2.0.0/STM32CubeIDE/plugins/com.st.stm32cube.ide.mcu.externaltools.gnu-tools-for-stm32.13.3.rel1.win32_1.0.100.202509120712/tools/bin/../lib/gcc/arm-none-eabi/13.3.1/../../../../arm-none-eabi/lib/thumb/v7e-m+fp/hard\libc_nano.a(libc_a-freer.o)
 .ARM.attributes
                0x00000627       0x34 C:/UOFT/Y3 Winter/ECE342/Labs/STM32CubeIDE_2.0.0/STM32CubeIDE/plugins/com.st.stm32cube.ide.mcu.externaltools.gnu-tools-for-stm32.13.3.rel1.win32_1.0.100.202509120712/tools/bin/../lib/gcc/arm-none-eabi/13.3.1/../../../../arm-none-eabi/lib/thumb/v7e-m+fp/hard\libc_nano.a(libc_a-mallocr.o)
 .ARM.attributes
                0x0000065b       0x34 C:/UOFT/Y3 Winter/ECE342/Labs/STM32CubeIDE_2.0.0/STM32CubeIDE/plugins/com.st.stm32cube.ide.mcu.externaltools.gnu-tools-for-stm32.13.3.rel1.win32_1.0.100.202509120712/tools/bin/../lib/gcc/arm-none-eabi/13.3.1/../../../../arm-none-eabi/lib/thumb/v7e-m+fp/hard\libc_nano.a(libc_a-mlock.o)
 .ARM.attributes
                0x0000068f       0x34 C:/UOFT/Y3 Winter/ECE342/Labs/STM32CubeIDE_2.0.0/STM32CubeIDE/plugins/com.st.stm32cube.ide.mcu.externaltools.gnu-tools-for-stm32.13.3.rel1.win32_1.0.100.202509120712/tools/bin/../lib/gcc/arm-none-eabi/13.3.1/../../../../arm-none-eabi/lib/thumb/v7e-m+fp/hard\libc_nano.a(libc_a-nano-svfprintf.o)
 .ARM.attributes
                0x000006c3       0x34 C:/UOFT/Y3 Winter/ECE342/Labs/STM32CubeIDE_2.0.0/STM32CubeIDE/plugins/com.st.stm32cube.ide.mcu.externaltools.gnu-tools-for-stm32.13.3.rel1.win32_1.0.100.202509120712/tools/bin/../lib/gcc/arm-none-eabi/13.3.1/../../../../arm-none-eabi/lib/thumb/v7e-m+fp/hard\libc_nano.a(libc_a-nano-vfprintf_i.o)
 .ARM.attributes
                0x000006f7       0x34 C:/UOFT/Y3 Winter/ECE342/Labs/STM32CubeIDE_2.0.0/STM32CubeIDE/plugins/com.st.stm32cube.ide.mcu.externaltools.gnu-tools-for-stm32.13.3.rel1.win32_1.0.100.202509120712/tools/bin/../lib/gcc/arm-none-eabi/13.3.1/../../../../arm-none-eabi/lib/thumb/v7e-m+fp/hard\libc_nano.a(libc_a-memmove.o)
 .ARM.attributes
                0x0000072b       0x34 C:/UOFT/Y3 Winter/ECE342/Labs/STM32CubeIDE_2.0.0/STM32CubeIDE/plugins/com.st.stm32cube.ide.mcu.externaltools.gnu-tools-for-stm32.13.3.rel1.win32_1.0.100.202509120712/tools/bin/../lib/gcc/arm-none-eabi/13.3.1/../../../../arm-none-eabi/lib/thumb/v7e-m+fp/hard\libc_nano.a(libc_a-sbrkr.o)
 .ARM.attributes
                0x0000075f       0x1c C:/UOFT/Y3 Winter/ECE342/Labs/STM32CubeIDE_2.0.0/STM32CubeIDE/plugins/com.st.stm32cube.ide.mcu.externaltools.gnu-tools-for-stm32.13.3.rel1.win32_1.0.100.202509120712/tools/bin/../lib/gcc/arm-none-eabi/13.3.1/../../../../arm-none-eabi/lib/thumb/v7e-m+fp/hard\libc_nano.a(libc_a-memchr.o)
 .ARM.attributes
                0x0000077b       0x34 C:/UOFT/Y3 Winter/ECE342/Labs/STM32CubeIDE_2.0.0/STM32CubeIDE/plugins/com.st.stm32cube.ide.mcu.externaltools.gnu-tools-for-stm32.13.3.rel1.win32_1.0.100.202509120712/tools/bin/../lib/gcc/arm-none-eabi/13.3.1/../../../../arm-none-eabi/lib/thumb/v7e-m+fp/hard\libc_nano.a(libc_a-memcpy-stub.o)
 .ARM.attributes
                0x000007af       0x34 C:/UOFT/Y3 Winter/ECE342/Labs/STM32CubeIDE_2.0.0/STM32CubeIDE/plugins/com.st.stm32cube.ide.mcu.externaltools.gnu-tools-for-stm32.13.3.rel1.win32_1.0.100.202509120712/tools/bin/../lib/gcc/arm-none-eabi/13.3.1/../../../../arm-none-eabi/lib/thumb/v7e-m+fp/hard\libc_nano.a(libc_a-reallocr.o)
 .ARM.attributes
                0x000007e3       0x34 C:/UOFT/Y3 Winter/ECE342/Labs/STM32CubeIDE_2.0.0/STM32CubeIDE/plugins/com.st.stm32cube.ide.mcu.externaltools.gnu-tools-for-stm32.13.3.rel1.win32_1.0.100.202509120712/tools/bin/../lib/gcc/arm-none-eabi/13.3.1/../../../../arm-none-eabi/lib/thumb/v7e-m+fp/hard\libc_nano.a(libc_a-msizer.o)
 .ARM.attributes
                0x00000817       0x22 C:/UOFT/Y3 Winter/ECE342/Labs/STM32CubeIDE_2.0.0/STM32CubeIDE/plugins/com.st.stm32cube.ide.mcu.externaltools.gnu-tools-for-stm32.13.3.rel1.win32_1.0.100.202509120712/tools/bin/../lib/gcc/arm-none-eabi/13.3.1/thumb/v7e-m+fp/hard\libgcc.a(_aeabi_uldivmod.o)
 .ARM.attributes
                0x00000839       0x34 C:/UOFT/Y3 Winter/ECE342/Labs/STM32CubeIDE_2.0.0/STM32CubeIDE/plugins/com.st.stm32cube.ide.mcu.externaltools.gnu-tools-for-stm32.13.3.rel1.win32_1.0.100.202509120712/tools/bin/../lib/gcc/arm-none-eabi/13.3.1/thumb/v7e-m+fp/hard\libgcc.a(_udivmoddi4.o)
 .ARM.attributes
                0x0000086d       0x22 C:/UOFT/Y3 Winter/ECE342/Labs/STM32CubeIDE_2.0.0/STM32CubeIDE/plugins/com.st.stm32cube.ide.mcu.externaltools.gnu-tools-for-stm32.13.3.rel1.win32_1.0.100.202509120712/tools/bin/../lib/gcc/arm-none-eabi/13.3.1/thumb/v7e-m+fp/hard\libgcc.a(_dvmd_tls.o)
 .ARM.attributes
                0x0000088f       0x22 C:/UOFT/Y3 Winter/ECE342/Labs/STM32CubeIDE_2.0.0/STM32CubeIDE/plugins/com.st.stm32cube.ide.mcu.externaltools.gnu-tools-for-stm32.13.3.rel1.win32_1.0.100.202509120712/tools/bin/../lib/gcc/arm-none-eabi/13.3.1/thumb/v7e-m+fp/hard/crtn.o
OUTPUT(CHOCOLATE_PRINTER.elf elf32-littlearm)
LOAD linker stubs
LOAD C:/UOFT/Y3 Winter/ECE342/Labs/STM32CubeIDE_2.0.0/STM32CubeIDE/plugins/com.st.stm32cube.ide.mcu.externaltools.gnu-tools-for-stm32.13.3.rel1.win32_1.0.100.202509120712/tools/bin/../lib/gcc/arm-none-eabi/13.3.1/../../../../arm-none-eabi/lib/thumb/v7e-m+fp/hard\libc.a
LOAD C:/UOFT/Y3 Winter/ECE342/Labs/STM32CubeIDE_2.0.0/STM32CubeIDE/plugins/com.st.stm32cube.ide.mcu.externaltools.gnu-tools-for-stm32.13.3.rel1.win32_1.0.100.202509120712/tools/bin/../lib/gcc/arm-none-eabi/13.3.1/../../../../arm-none-eabi/lib/thumb/v7e-m+fp/hard\libm.a
LOAD C:/UOFT/Y3 Winter/ECE342/Labs/STM32CubeIDE_2.0.0/STM32CubeIDE/plugins/com.st.stm32cube.ide.mcu.externaltools.gnu-tools-for-stm32.13.3.rel1.win32_1.0.100.202509120712/tools/bin/../lib/gcc/arm-none-eabi/13.3.1/thumb/v7e-m+fp/hard\libgcc.a

.debug_info     0x00000000    0x14b58
 .debug_info    0x00000000      0x164 ./Core/Src/fonts.o
 .debug_info    0x00000164     0x21eb ./Core/Src/main.o
 .debug_info    0x0000234f      0xde1 ./Core/Src/ssd1306.o
 .debug_info    0x00003130     0x17cb ./Core/Src/stm32f4xx_hal_msp.o
 .debug_info    0x000048fb      0x15d ./Core/Src/stm32f4xx_it.o
 .debug_info    0x00004a58      0x168 ./Core/Src/sysmem.o
 .debug_info    0x00004bc0      0x54a ./Core/Src/system_stm32f4xx.o
 .debug_info    0x0000510a       0x30 ./Core/Startup/startup_stm32f446zetx.o
 .debug_info    0x0000513a      0x99a ./Drivers/STM32F4xx_HAL_Driver/Src/stm32f4xx_hal.o
 .debug_info    0x00005ad4      0xdaa ./Drivers/STM32F4xx_HAL_Driver/Src/stm32f4xx_hal_cortex.o
 .debug_info    0x0000687e      0x70b ./Drivers/STM32F4xx_HAL_Driver/Src/stm32f4xx_hal_gpio.o
 .debug_info    0x00006f89     0x2421 ./Drivers/STM32F4xx_HAL_Driver/Src/stm32f4xx_hal_i2c.o
 .debug_info    0x000093aa     0x15e3 ./Drivers/STM32F4xx_HAL_Driver/Src/stm32f4xx_hal_pcd.o
 .debug_info    0x0000a98d      0x7b4 ./Drivers/STM32F4xx_HAL_Driver/Src/stm32f4xx_hal_pcd_ex.o
 .debug_info    0x0000b141      0x8ff ./Drivers/STM32F4xx_HAL_Driver/Src/stm32f4xx_hal_rcc.o
 .debug_info    0x0000ba40      0x960 ./Drivers/STM32F4xx_HAL_Driver/Src/stm32f4xx_hal_rcc_ex.o
 .debug_info    0x0000c3a0     0x299d ./Drivers/STM32F4xx_HAL_Driver/Src/stm32f4xx_hal_tim.o
 .debug_info    0x0000ed3d     0x14db ./Drivers/STM32F4xx_HAL_Driver/Src/stm32f4xx_hal_tim_ex.o
 .debug_info    0x00010218     0x2f4f ./Drivers/STM32F4xx_HAL_Driver/Src/stm32f4xx_hal_uart.o
 .debug_info    0x00013167     0x19f1 ./Drivers/STM32F4xx_HAL_Driver/Src/stm32f4xx_ll_usb.o

.debug_abbrev   0x00000000     0x2a6e
 .debug_abbrev  0x00000000       0xb5 ./Core/Src/fonts.o
 .debug_abbrev  0x000000b5      0x3dd ./Core/Src/main.o
 .debug_abbrev  0x00000492      0x2c1 ./Core/Src/ssd1306.o
 .debug_abbrev  0x00000753      0x28b ./Core/Src/stm32f4xx_hal_msp.o
 .debug_abbrev  0x000009de       0xb3 ./Core/Src/stm32f4xx_it.o
 .debug_abbrev  0x00000a91       0xbc ./Core/Src/sysmem.o
 .debug_abbrev  0x00000b4d      0x11a ./Core/Src/system_stm32f4xx.o
 .debug_abbrev  0x00000c67       0x24 ./Core/Startup/startup_stm32f446zetx.o
 .debug_abbrev  0x00000c8b      0x214 ./Drivers/STM32F4xx_HAL_Driver/Src/stm32f4xx_hal.o
 .debug_abbrev  0x00000e9f      0x31d ./Drivers/STM32F4xx_HAL_Driver/Src/stm32f4xx_hal_cortex.o
 .debug_abbrev  0x000011bc      0x1d4 ./Drivers/STM32F4xx_HAL_Driver/Src/stm32f4xx_hal_gpio.o
 .debug_abbrev  0x00001390      0x2ad ./Drivers/STM32F4xx_HAL_Driver/Src/stm32f4xx_hal_i2c.o
 .debug_abbrev  0x0000163d      0x2d0 ./Drivers/STM32F4xx_HAL_Driver/Src/stm32f4xx_hal_pcd.o
 .debug_abbrev  0x0000190d      0x1dd ./Drivers/STM32F4xx_HAL_Driver/Src/stm32f4xx_hal_pcd_ex.o
 .debug_abbrev  0x00001aea      0x2b7 ./Drivers/STM32F4xx_HAL_Driver/Src/stm32f4xx_hal_rcc.o
 .debug_abbrev  0x00001da1      0x211 ./Drivers/STM32F4xx_HAL_Driver/Src/stm32f4xx_hal_rcc_ex.o
 .debug_abbrev  0x00001fb2      0x278 ./Drivers/STM32F4xx_HAL_Driver/Src/stm32f4xx_hal_tim.o
 .debug_abbrev  0x0000222a      0x283 ./Drivers/STM32F4xx_HAL_Driver/Src/stm32f4xx_hal_tim_ex.o
 .debug_abbrev  0x000024ad      0x30e ./Drivers/STM32F4xx_HAL_Driver/Src/stm32f4xx_hal_uart.o
 .debug_abbrev  0x000027bb      0x2b3 ./Drivers/STM32F4xx_HAL_Driver/Src/stm32f4xx_ll_usb.o

.debug_aranges  0x00000000     0x1340
 .debug_aranges
                0x00000000       0x18 ./Core/Src/fonts.o
 .debug_aranges
                0x00000018       0xb8 ./Core/Src/main.o
 .debug_aranges
                0x000000d0       0xa0 ./Core/Src/ssd1306.o
 .debug_aranges
                0x00000170       0x68 ./Core/Src/stm32f4xx_hal_msp.o
 .debug_aranges
                0x000001d8       0x68 ./Core/Src/stm32f4xx_it.o
 .debug_aranges
                0x00000240       0x20 ./Core/Src/sysmem.o
 .debug_aranges
                0x00000260       0x28 ./Core/Src/system_stm32f4xx.o
 .debug_aranges
                0x00000288       0x28 ./Core/Startup/startup_stm32f446zetx.o
 .debug_aranges
                0x000002b0       0xf0 ./Drivers/STM32F4xx_HAL_Driver/Src/stm32f4xx_hal.o
 .debug_aranges
                0x000003a0      0x130 ./Drivers/STM32F4xx_HAL_Driver/Src/stm32f4xx_hal_cortex.o
 .debug_aranges
                0x000004d0       0x58 ./Drivers/STM32F4xx_HAL_Driver/Src/stm32f4xx_hal_gpio.o
 .debug_aranges
                0x00000528      0x2a8 ./Drivers/STM32F4xx_HAL_Driver/Src/stm32f4xx_hal_i2c.o
 .debug_aranges
                0x000007d0      0x148 ./Drivers/STM32F4xx_HAL_Driver/Src/stm32f4xx_hal_pcd.o
 .debug_aranges
                0x00000918       0x48 ./Drivers/STM32F4xx_HAL_Driver/Src/stm32f4xx_hal_pcd_ex.o
 .debug_aranges
                0x00000960       0x88 ./Drivers/STM32F4xx_HAL_Driver/Src/stm32f4xx_hal_rcc.o
 .debug_aranges
                0x000009e8       0x78 ./Drivers/STM32F4xx_HAL_Driver/Src/stm32f4xx_hal_rcc_ex.o
 .debug_aranges
                0x00000a60      0x3d0 ./Drivers/STM32F4xx_HAL_Driver/Src/stm32f4xx_hal_tim.o
 .debug_aranges
                0x00000e30      0x168 ./Drivers/STM32F4xx_HAL_Driver/Src/stm32f4xx_hal_tim_ex.o
 .debug_aranges
                0x00000f98      0x208 ./Drivers/STM32F4xx_HAL_Driver/Src/stm32f4xx_hal_uart.o
 .debug_aranges
                0x000011a0      0x1a0 ./Drivers/STM32F4xx_HAL_Driver/Src/stm32f4xx_ll_usb.o

.debug_macro    0x00000000    0x23447
 .debug_macro   0x00000000      0x2e3 ./Core/Src/fonts.o
 .debug_macro   0x000002e3      0xad8 ./Core/Src/fonts.o
 .debug_macro   0x00000dbb      0x2a7 ./Core/Src/fonts.o
 .debug_macro   0x00001062       0x2e ./Core/Src/fonts.o
 .debug_macro   0x00001090       0x28 ./Core/Src/fonts.o
 .debug_macro   0x000010b8       0x22 ./Core/Src/fonts.o
 .debug_macro   0x000010da       0x8e ./Core/Src/fonts.o
 .debug_macro   0x00001168       0x51 ./Core/Src/fonts.o
 .debug_macro   0x000011b9      0x103 ./Core/Src/fonts.o
 .debug_macro   0x000012bc       0x6a ./Core/Src/fonts.o
 .debug_macro   0x00001326      0x1df ./Core/Src/fonts.o
 .debug_macro   0x00001505       0x1c ./Core/Src/fonts.o
 .debug_macro   0x00001521       0x22 ./Core/Src/fonts.o
 .debug_macro   0x00001543       0xfb ./Core/Src/fonts.o
 .debug_macro   0x0000163e     0x1011 ./Core/Src/fonts.o
 .debug_macro   0x0000264f      0x11f ./Core/Src/fonts.o
 .debug_macro   0x0000276e    0x1675e ./Core/Src/fonts.o
 .debug_macro   0x00018ecc       0x6d ./Core/Src/fonts.o
 .debug_macro   0x00018f39     0x3693 ./Core/Src/fonts.o
 .debug_macro   0x0001c5cc      0x190 ./Core/Src/fonts.o
 .debug_macro   0x0001c75c       0x5c ./Core/Src/fonts.o
 .debug_macro   0x0001c7b8      0xca5 ./Core/Src/fonts.o
 .debug_macro   0x0001d45d      0x9e9 ./Core/Src/fonts.o
 .debug_macro   0x0001de46      0x115 ./Core/Src/fonts.o
 .debug_macro   0x0001df5b      0x1a0 ./Core/Src/fonts.o
 .debug_macro   0x0001e0fb       0xa5 ./Core/Src/fonts.o
 .debug_macro   0x0001e1a0      0x16d ./Core/Src/fonts.o
 .debug_macro   0x0001e30d      0x287 ./Core/Src/fonts.o
 .debug_macro   0x0001e594       0x5f ./Core/Src/fonts.o
 .debug_macro   0x0001e5f3      0x236 ./Core/Src/fonts.o
 .debug_macro   0x0001e829      0x132 ./Core/Src/fonts.o
 .debug_macro   0x0001e95b      0x29c ./Core/Src/fonts.o
 .debug_macro   0x0001ebf7       0x2e ./Core/Src/fonts.o
 .debug_macro   0x0001ec25      0x1b5 ./Core/Src/fonts.o
 .debug_macro   0x0001edda       0x22 ./Core/Src/fonts.o
 .debug_macro   0x0001edfc       0xd6 ./Core/Src/fonts.o
 .debug_macro   0x0001eed2      0x127 ./Core/Src/fonts.o
 .debug_macro   0x0001eff9       0xe8 ./Core/Src/fonts.o
 .debug_macro   0x0001f0e1       0x89 ./Core/Src/fonts.o
 .debug_macro   0x0001f16a      0x8ed ./Core/Src/fonts.o
 .debug_macro   0x0001fa57       0x53 ./Core/Src/fonts.o
 .debug_macro   0x0001faaa      0x2aa ./Core/Src/fonts.o
 .debug_macro   0x0001fd54      0x293 ./Core/Src/fonts.o
 .debug_macro   0x0001ffe7       0xba ./Core/Src/fonts.o
 .debug_macro   0x000200a1      0x126 ./Core/Src/fonts.o
 .debug_macro   0x000201c7       0x61 ./Core/Src/fonts.o
 .debug_macro   0x00020228       0x2a ./Core/Src/fonts.o
 .debug_macro   0x00020252       0x43 ./Core/Src/fonts.o
 .debug_macro   0x00020295       0x34 ./Core/Src/fonts.o
 .debug_macro   0x000202c9      0x370 ./Core/Src/fonts.o
 .debug_macro   0x00020639       0x16 ./Core/Src/fonts.o
 .debug_macro   0x0002064f       0x4a ./Core/Src/fonts.o
 .debug_macro   0x00020699       0x34 ./Core/Src/fonts.o
 .debug_macro   0x000206cd       0x10 ./Core/Src/fonts.o
 .debug_macro   0x000206dd       0x58 ./Core/Src/fonts.o
 .debug_macro   0x00020735       0x8e ./Core/Src/fonts.o
 .debug_macro   0x000207c3       0x1c ./Core/Src/fonts.o
 .debug_macro   0x000207df      0x185 ./Core/Src/fonts.o
 .debug_macro   0x00020964       0x10 ./Core/Src/fonts.o
 .debug_macro   0x00020974       0x3c ./Core/Src/fonts.o
 .debug_macro   0x000209b0       0x20 ./Core/Src/fonts.o
 .debug_macro   0x000209d0      0x2b0 ./Core/Src/main.o
 .debug_macro   0x00020c80       0xca ./Core/Src/main.o
 .debug_macro   0x00020d4a       0x1c ./Core/Src/main.o
 .debug_macro   0x00020d66       0x22 ./Core/Src/main.o
 .debug_macro   0x00020d88      0x32c ./Core/Src/ssd1306.o
 .debug_macro   0x000210b4       0x16 ./Core/Src/ssd1306.o
 .debug_macro   0x000210ca       0x16 ./Core/Src/ssd1306.o
 .debug_macro   0x000210e0       0x29 ./Core/Src/ssd1306.o
 .debug_macro   0x00021109       0x34 ./Core/Src/ssd1306.o
 .debug_macro   0x0002113d      0x21a ./Core/Src/stm32f4xx_hal_msp.o
 .debug_macro   0x00021357      0x22d ./Core/Src/stm32f4xx_it.o
 .debug_macro   0x00021584      0x112 ./Core/Src/sysmem.o
 .debug_macro   0x00021696      0x23c ./Core/Src/sysmem.o
 .debug_macro   0x000218d2      0x20b ./Core/Src/system_stm32f4xx.o
 .debug_macro   0x00021add      0x26b ./Drivers/STM32F4xx_HAL_Driver/Src/stm32f4xx_hal.o
 .debug_macro   0x00021d48      0x20b ./Drivers/STM32F4xx_HAL_Driver/Src/stm32f4xx_hal_cortex.o
 .debug_macro   0x00021f53      0x211 ./Drivers/STM32F4xx_HAL_Driver/Src/stm32f4xx_hal_gpio.o
 .debug_macro   0x00022164      0x259 ./Drivers/STM32F4xx_HAL_Driver/Src/stm32f4xx_hal_i2c.o
 .debug_macro   0x000223bd      0x217 ./Drivers/STM32F4xx_HAL_Driver/Src/stm32f4xx_hal_pcd.o
 .debug_macro   0x000225d4      0x20b ./Drivers/STM32F4xx_HAL_Driver/Src/stm32f4xx_hal_pcd_ex.o
 .debug_macro   0x000227df      0x22f ./Drivers/STM32F4xx_HAL_Driver/Src/stm32f4xx_hal_rcc.o
 .debug_macro   0x00022a0e      0x20b ./Drivers/STM32F4xx_HAL_Driver/Src/stm32f4xx_hal_rcc_ex.o
 .debug_macro   0x00022c19      0x20c ./Drivers/STM32F4xx_HAL_Driver/Src/stm32f4xx_hal_tim.o
 .debug_macro   0x00022e25      0x20b ./Drivers/STM32F4xx_HAL_Driver/Src/stm32f4xx_hal_tim_ex.o
 .debug_macro   0x00023030      0x20c ./Drivers/STM32F4xx_HAL_Driver/Src/stm32f4xx_hal_uart.o
 .debug_macro   0x0002323c      0x20b ./Drivers/STM32F4xx_HAL_Driver/Src/stm32f4xx_ll_usb.o

.debug_line     0x00000000    0x17928
 .debug_line    0x00000000      0x8e9 ./Core/Src/fonts.o
 .debug_line    0x000008e9      0xd77 ./Core/Src/main.o
 .debug_line    0x00001660      0xd89 ./Core/Src/ssd1306.o
 .debug_line    0x000023e9      0x927 ./Core/Src/stm32f4xx_hal_msp.o
 .debug_line    0x00002d10      0x86f ./Core/Src/stm32f4xx_it.o
 .debug_line    0x0000357f      0x575 ./Core/Src/sysmem.o
 .debug_line    0x00003af4      0x808 ./Core/Src/system_stm32f4xx.o
 .debug_line    0x000042fc       0x7a ./Core/Startup/startup_stm32f446zetx.o
 .debug_line    0x00004376      0xa84 ./Drivers/STM32F4xx_HAL_Driver/Src/stm32f4xx_hal.o
 .debug_line    0x00004dfa      0xd54 ./Drivers/STM32F4xx_HAL_Driver/Src/stm32f4xx_hal_cortex.o
 .debug_line    0x00005b4e      0xbc8 ./Drivers/STM32F4xx_HAL_Driver/Src/stm32f4xx_hal_gpio.o
 .debug_line    0x00006716     0x3b31 ./Drivers/STM32F4xx_HAL_Driver/Src/stm32f4xx_hal_i2c.o
 .debug_line    0x0000a247     0x14ff ./Drivers/STM32F4xx_HAL_Driver/Src/stm32f4xx_hal_pcd.o
 .debug_line    0x0000b746      0x8a4 ./Drivers/STM32F4xx_HAL_Driver/Src/stm32f4xx_hal_pcd_ex.o
 .debug_line    0x0000bfea      0xe9f ./Drivers/STM32F4xx_HAL_Driver/Src/stm32f4xx_hal_rcc.o
 .debug_line    0x0000ce89     0x1550 ./Drivers/STM32F4xx_HAL_Driver/Src/stm32f4xx_hal_rcc_ex.o
 .debug_line    0x0000e3d9     0x37f9 ./Drivers/STM32F4xx_HAL_Driver/Src/stm32f4xx_hal_tim.o
 .debug_line    0x00011bd2     0x19e4 ./Drivers/STM32F4xx_HAL_Driver/Src/stm32f4xx_hal_tim_ex.o
 .debug_line    0x000135b6     0x25cc ./Drivers/STM32F4xx_HAL_Driver/Src/stm32f4xx_hal_uart.o
 .debug_line    0x00015b82     0x1da6 ./Drivers/STM32F4xx_HAL_Driver/Src/stm32f4xx_ll_usb.o

.debug_str      0x00000000    0xd5fed
 .debug_str     0x00000000    0xd5fed ./Core/Src/fonts.o
                              0xcf696 (size before relaxing)
 .debug_str     0x000d5fed        0x0 ./Core/Src/main.o
                              0xce4bc (size before relaxing)
 .debug_str     0x000d5fed        0x0 ./Core/Src/ssd1306.o
                              0xd00d5 (size before relaxing)
 .debug_str     0x000d5fed        0x0 ./Core/Src/stm32f4xx_hal_msp.o
                              0xcd974 (size before relaxing)
 .debug_str     0x000d5fed        0x0 ./Core/Src/stm32f4xx_it.o
                              0xcc89a (size before relaxing)
 .debug_str     0x000d5fed        0x0 ./Core/Src/sysmem.o
                               0x778d (size before relaxing)
 .debug_str     0x000d5fed        0x0 ./Core/Src/system_stm32f4xx.o
                              0xcc62f (size before relaxing)
 .debug_str     0x000d5fed        0x0 ./Core/Startup/startup_stm32f446zetx.o
                                 0x8f (size before relaxing)
 .debug_str     0x000d5fed        0x0 ./Drivers/STM32F4xx_HAL_Driver/Src/stm32f4xx_hal.o
                              0xcd1f4 (size before relaxing)
 .debug_str     0x000d5fed        0x0 ./Drivers/STM32F4xx_HAL_Driver/Src/stm32f4xx_hal_cortex.o
                              0xccf4b (size before relaxing)
 .debug_str     0x000d5fed        0x0 ./Drivers/STM32F4xx_HAL_Driver/Src/stm32f4xx_hal_gpio.o
                              0xcc7aa (size before relaxing)
 .debug_str     0x000d5fed        0x0 ./Drivers/STM32F4xx_HAL_Driver/Src/stm32f4xx_hal_i2c.o
                              0xcd62d (size before relaxing)
 .debug_str     0x000d5fed        0x0 ./Drivers/STM32F4xx_HAL_Driver/Src/stm32f4xx_hal_pcd.o
                              0xcd140 (size before relaxing)
 .debug_str     0x000d5fed        0x0 ./Drivers/STM32F4xx_HAL_Driver/Src/stm32f4xx_hal_pcd_ex.o
                              0xcca42 (size before relaxing)
 .debug_str     0x000d5fed        0x0 ./Drivers/STM32F4xx_HAL_Driver/Src/stm32f4xx_hal_rcc.o
                              0xcca68 (size before relaxing)
 .debug_str     0x000d5fed        0x0 ./Drivers/STM32F4xx_HAL_Driver/Src/stm32f4xx_hal_rcc_ex.o
                              0xcca9b (size before relaxing)
 .debug_str     0x000d5fed        0x0 ./Drivers/STM32F4xx_HAL_Driver/Src/stm32f4xx_hal_tim.o
                              0xcd994 (size before relaxing)
 .debug_str     0x000d5fed        0x0 ./Drivers/STM32F4xx_HAL_Driver/Src/stm32f4xx_hal_tim_ex.o
                              0xcd1a0 (size before relaxing)
 .debug_str     0x000d5fed        0x0 ./Drivers/STM32F4xx_HAL_Driver/Src/stm32f4xx_hal_uart.o
                              0xcd01f (size before relaxing)
 .debug_str     0x000d5fed        0x0 ./Drivers/STM32F4xx_HAL_Driver/Src/stm32f4xx_ll_usb.o
                              0xccffc (size before relaxing)

.comment        0x00000000       0x43
 .comment       0x00000000       0x43 ./Core/Src/fonts.o
                                 0x44 (size before relaxing)
 .comment       0x00000043        0x0 ./Core/Src/main.o
                                 0x44 (size before relaxing)
 .comment       0x00000043        0x0 ./Core/Src/ssd1306.o
                                 0x44 (size before relaxing)
 .comment       0x00000043        0x0 ./Core/Src/stm32f4xx_hal_msp.o
                                 0x44 (size before relaxing)
 .comment       0x00000043        0x0 ./Core/Src/stm32f4xx_it.o
                                 0x44 (size before relaxing)
 .comment       0x00000043        0x0 ./Core/Src/sysmem.o
                                 0x44 (size before relaxing)
 .comment       0x00000043        0x0 ./Core/Src/system_stm32f4xx.o
                                 0x44 (size before relaxing)
 .comment       0x00000043        0x0 ./Drivers/STM32F4xx_HAL_Driver/Src/stm32f4xx_hal.o
                                 0x44 (size before relaxing)
 .comment       0x00000043        0x0 ./Drivers/STM32F4xx_HAL_Driver/Src/stm32f4xx_hal_cortex.o
                                 0x44 (size before relaxing)
 .comment       0x00000043        0x0 ./Drivers/STM32F4xx_HAL_Driver/Src/stm32f4xx_hal_gpio.o
                                 0x44 (size before relaxing)
 .comment       0x00000043        0x0 ./Drivers/STM32F4xx_HAL_Driver/Src/stm32f4xx_hal_i2c.o
                                 0x44 (size before relaxing)
 .comment       0x00000043        0x0 ./Drivers/STM32F4xx_HAL_Driver/Src/stm32f4xx_hal_pcd.o
                                 0x44 (size before relaxing)
 .comment       0x00000043        0x0 ./Drivers/STM32F4xx_HAL_Driver/Src/stm32f4xx_hal_pcd_ex.o
                                 0x44 (size before relaxing)
 .comment       0x00000043        0x0 ./Drivers/STM32F4xx_HAL_Driver/Src/stm32f4xx_hal_rcc.o
                                 0x44 (size before relaxing)
 .comment       0x00000043        0x0 ./Drivers/STM32F4xx_HAL_Driver/Src/stm32f4xx_hal_rcc_ex.o
                                 0x44 (size before relaxing)
 .comment       0x00000043        0x0 ./Drivers/STM32F4xx_HAL_Driver/Src/stm32f4xx_hal_tim.o
                                 0x44 (size before relaxing)
 .comment       0x00000043        0x0 ./Drivers/STM32F4xx_HAL_Driver/Src/stm32f4xx_hal_tim_ex.o
                                 0x44 (size before relaxing)
 .comment       0x00000043        0x0 ./Drivers/STM32F4xx_HAL_Driver/Src/stm32f4xx_hal_uart.o
                                 0x44 (size before relaxing)
 .comment       0x00000043        0x0 ./Drivers/STM32F4xx_HAL_Driver/Src/stm32f4xx_ll_usb.o
                                 0x44 (size before relaxing)

.debug_rnglists
                0x00000000      0xf1e
 .debug_rnglists
                0x00000000       0x8c ./Core/Src/main.o
 .debug_rnglists
                0x0000008c       0x7b ./Core/Src/ssd1306.o
 .debug_rnglists
                0x00000107       0x4c ./Core/Src/stm32f4xx_hal_msp.o
 .debug_rnglists
                0x00000153       0x49 ./Core/Src/stm32f4xx_it.o
 .debug_rnglists
                0x0000019c       0x13 ./Core/Src/sysmem.o
 .debug_rnglists
                0x000001af       0x1a ./Core/Src/system_stm32f4xx.o
 .debug_rnglists
                0x000001c9       0x19 ./Core/Startup/startup_stm32f446zetx.o
 .debug_rnglists
                0x000001e2       0xaf ./Drivers/STM32F4xx_HAL_Driver/Src/stm32f4xx_hal.o
 .debug_rnglists
                0x00000291       0xe0 ./Drivers/STM32F4xx_HAL_Driver/Src/stm32f4xx_hal_cortex.o
 .debug_rnglists
                0x00000371       0x3f ./Drivers/STM32F4xx_HAL_Driver/Src/stm32f4xx_hal_gpio.o
 .debug_rnglists
                0x000003b0      0x23c ./Drivers/STM32F4xx_HAL_Driver/Src/stm32f4xx_hal_i2c.o
 .debug_rnglists
                0x000005ec       0xfa ./Drivers/STM32F4xx_HAL_Driver/Src/stm32f4xx_hal_pcd.o
 .debug_rnglists
                0x000006e6       0x32 ./Drivers/STM32F4xx_HAL_Driver/Src/stm32f4xx_hal_pcd_ex.o
 .debug_rnglists
                0x00000718       0x66 ./Drivers/STM32F4xx_HAL_Driver/Src/stm32f4xx_hal_rcc.o
 .debug_rnglists
                0x0000077e       0x5e ./Drivers/STM32F4xx_HAL_Driver/Src/stm32f4xx_hal_rcc_ex.o
 .debug_rnglists
                0x000007dc      0x31a ./Drivers/STM32F4xx_HAL_Driver/Src/stm32f4xx_hal_tim.o
 .debug_rnglists
                0x00000af6      0x125 ./Drivers/STM32F4xx_HAL_Driver/Src/stm32f4xx_hal_tim_ex.o
 .debug_rnglists
                0x00000c1b      0x1bc ./Drivers/STM32F4xx_HAL_Driver/Src/stm32f4xx_hal_uart.o
 .debug_rnglists
                0x00000dd7      0x147 ./Drivers/STM32F4xx_HAL_Driver/Src/stm32f4xx_ll_usb.o

.debug_frame    0x00000000     0x5830
 .debug_frame   0x00000000      0x2b8 ./Core/Src/main.o
 .debug_frame   0x000002b8      0x26c ./Core/Src/ssd1306.o
 .debug_frame   0x00000524      0x188 ./Core/Src/stm32f4xx_hal_msp.o
 .debug_frame   0x000006ac      0x120 ./Core/Src/stm32f4xx_it.o
 .debug_frame   0x000007cc       0x34 ./Core/Src/sysmem.o
 .debug_frame   0x00000800       0x58 ./Core/Src/system_stm32f4xx.o
 .debug_frame   0x00000858      0x374 ./Drivers/STM32F4xx_HAL_Driver/Src/stm32f4xx_hal.o
 .debug_frame   0x00000bcc      0x508 ./Drivers/STM32F4xx_HAL_Driver/Src/stm32f4xx_hal_cortex.o
 .debug_frame   0x000010d4      0x14c ./Drivers/STM32F4xx_HAL_Driver/Src/stm32f4xx_hal_gpio.o
 .debug_frame   0x00001220      0xc84 ./Drivers/STM32F4xx_HAL_Driver/Src/stm32f4xx_hal_i2c.o
 .debug_frame   0x00001ea4      0x5b8 ./Drivers/STM32F4xx_HAL_Driver/Src/stm32f4xx_hal_pcd.o
 .debug_frame   0x0000245c      0x100 ./Drivers/STM32F4xx_HAL_Driver/Src/stm32f4xx_hal_pcd_ex.o
 .debug_frame   0x0000255c      0x1f4 ./Drivers/STM32F4xx_HAL_Driver/Src/stm32f4xx_hal_rcc.o
 .debug_frame   0x00002750      0x1e8 ./Drivers/STM32F4xx_HAL_Driver/Src/stm32f4xx_hal_rcc_ex.o
 .debug_frame   0x00002938     0x11c0 ./Drivers/STM32F4xx_HAL_Driver/Src/stm32f4xx_hal_tim.o
 .debug_frame   0x00003af8      0x638 ./Drivers/STM32F4xx_HAL_Driver/Src/stm32f4xx_hal_tim_ex.o
 .debug_frame   0x00004130      0x954 ./Drivers/STM32F4xx_HAL_Driver/Src/stm32f4xx_hal_uart.o
 .debug_frame   0x00004a84      0x7c0 ./Drivers/STM32F4xx_HAL_Driver/Src/stm32f4xx_ll_usb.o
 .debug_frame   0x00005244      0x144 C:/UOFT/Y3 Winter/ECE342/Labs/STM32CubeIDE_2.0.0/STM32CubeIDE/plugins/com.st.stm32cube.ide.mcu.externaltools.gnu-tools-for-stm32.13.3.rel1.win32_1.0.100.202509120712/tools/bin/../lib/gcc/arm-none-eabi/13.3.1/../../../../arm-none-eabi/lib/thumb/v7e-m+fp/hard\libc_nano.a(libc_a-findfp.o)
 .debug_frame   0x00005388       0x74 C:/UOFT/Y3 Winter/ECE342/Labs/STM32CubeIDE_2.0.0/STM32CubeIDE/plugins/com.st.stm32cube.ide.mcu.externaltools.gnu-tools-for-stm32.13.3.rel1.win32_1.0.100.202509120712/tools/bin/../lib/gcc/arm-none-eabi/13.3.1/../../../../arm-none-eabi/lib/thumb/v7e-m+fp/hard\libc_nano.a(libc_a-sprintf.o)
 .debug_frame   0x000053fc       0x20 C:/UOFT/Y3 Winter/ECE342/Labs/STM32CubeIDE_2.0.0/STM32CubeIDE/plugins/com.st.stm32cube.ide.mcu.externaltools.gnu-tools-for-stm32.13.3.rel1.win32_1.0.100.202509120712/tools/bin/../lib/gcc/arm-none-eabi/13.3.1/../../../../arm-none-eabi/lib/thumb/v7e-m+fp/hard\libc_nano.a(libc_a-memset.o)
 .debug_frame   0x0000541c       0x38 C:/UOFT/Y3 Winter/ECE342/Labs/STM32CubeIDE_2.0.0/STM32CubeIDE/plugins/com.st.stm32cube.ide.mcu.externaltools.gnu-tools-for-stm32.13.3.rel1.win32_1.0.100.202509120712/tools/bin/../lib/gcc/arm-none-eabi/13.3.1/../../../../arm-none-eabi/lib/thumb/v7e-m+fp/hard\libc_nano.a(libc_a-reent.o)
 .debug_frame   0x00005454       0x20 C:/UOFT/Y3 Winter/ECE342/Labs/STM32CubeIDE_2.0.0/STM32CubeIDE/plugins/com.st.stm32cube.ide.mcu.externaltools.gnu-tools-for-stm32.13.3.rel1.win32_1.0.100.202509120712/tools/bin/../lib/gcc/arm-none-eabi/13.3.1/../../../../arm-none-eabi/lib/thumb/v7e-m+fp/hard\libc_nano.a(libc_a-errno.o)
 .debug_frame   0x00005474       0x2c C:/UOFT/Y3 Winter/ECE342/Labs/STM32CubeIDE_2.0.0/STM32CubeIDE/plugins/com.st.stm32cube.ide.mcu.externaltools.gnu-tools-for-stm32.13.3.rel1.win32_1.0.100.202509120712/tools/bin/../lib/gcc/arm-none-eabi/13.3.1/../../../../arm-none-eabi/lib/thumb/v7e-m+fp/hard\libc_nano.a(libc_a-init.o)
 .debug_frame   0x000054a0       0xb0 C:/UOFT/Y3 Winter/ECE342/Labs/STM32CubeIDE_2.0.0/STM32CubeIDE/plugins/com.st.stm32cube.ide.mcu.externaltools.gnu-tools-for-stm32.13.3.rel1.win32_1.0.100.202509120712/tools/bin/../lib/gcc/arm-none-eabi/13.3.1/../../../../arm-none-eabi/lib/thumb/v7e-m+fp/hard\libc_nano.a(libc_a-lock.o)
 .debug_frame   0x00005550       0x38 C:/UOFT/Y3 Winter/ECE342/Labs/STM32CubeIDE_2.0.0/STM32CubeIDE/plugins/com.st.stm32cube.ide.mcu.externaltools.gnu-tools-for-stm32.13.3.rel1.win32_1.0.100.202509120712/tools/bin/../lib/gcc/arm-none-eabi/13.3.1/../../../../arm-none-eabi/lib/thumb/v7e-m+fp/hard\libc_nano.a(libc_a-freer.o)
 .debug_frame   0x00005588       0x50 C:/UOFT/Y3 Winter/ECE342/Labs/STM32CubeIDE_2.0.0/STM32CubeIDE/plugins/com.st.stm32cube.ide.mcu.externaltools.gnu-tools-for-stm32.13.3.rel1.win32_1.0.100.202509120712/tools/bin/../lib/gcc/arm-none-eabi/13.3.1/../../../../arm-none-eabi/lib/thumb/v7e-m+fp/hard\libc_nano.a(libc_a-mallocr.o)
 .debug_frame   0x000055d8       0x30 C:/UOFT/Y3 Winter/ECE342/Labs/STM32CubeIDE_2.0.0/STM32CubeIDE/plugins/com.st.stm32cube.ide.mcu.externaltools.gnu-tools-for-stm32.13.3.rel1.win32_1.0.100.202509120712/tools/bin/../lib/gcc/arm-none-eabi/13.3.1/../../../../arm-none-eabi/lib/thumb/v7e-m+fp/hard\libc_nano.a(libc_a-mlock.o)
 .debug_frame   0x00005608       0x90 C:/UOFT/Y3 Winter/ECE342/Labs/STM32CubeIDE_2.0.0/STM32CubeIDE/plugins/com.st.stm32cube.ide.mcu.externaltools.gnu-tools-for-stm32.13.3.rel1.win32_1.0.100.202509120712/tools/bin/../lib/gcc/arm-none-eabi/13.3.1/../../../../arm-none-eabi/lib/thumb/v7e-m+fp/hard\libc_nano.a(libc_a-nano-svfprintf.o)
 .debug_frame   0x00005698       0x60 C:/UOFT/Y3 Winter/ECE342/Labs/STM32CubeIDE_2.0.0/STM32CubeIDE/plugins/com.st.stm32cube.ide.mcu.externaltools.gnu-tools-for-stm32.13.3.rel1.win32_1.0.100.202509120712/tools/bin/../lib/gcc/arm-none-eabi/13.3.1/../../../../arm-none-eabi/lib/thumb/v7e-m+fp/hard\libc_nano.a(libc_a-nano-vfprintf_i.o)
 .debug_frame   0x000056f8       0x28 C:/UOFT/Y3 Winter/ECE342/Labs/STM32CubeIDE_2.0.0/STM32CubeIDE/plugins/com.st.stm32cube.ide.mcu.externaltools.gnu-tools-for-stm32.13.3.rel1.win32_1.0.100.202509120712/tools/bin/../lib/gcc/arm-none-eabi/13.3.1/../../../../arm-none-eabi/lib/thumb/v7e-m+fp/hard\libc_nano.a(libc_a-memmove.o)
 .debug_frame   0x00005720       0x2c C:/UOFT/Y3 Winter/ECE342/Labs/STM32CubeIDE_2.0.0/STM32CubeIDE/plugins/com.st.stm32cube.ide.mcu.externaltools.gnu-tools-for-stm32.13.3.rel1.win32_1.0.100.202509120712/tools/bin/../lib/gcc/arm-none-eabi/13.3.1/../../../../arm-none-eabi/lib/thumb/v7e-m+fp/hard\libc_nano.a(libc_a-sbrkr.o)
 .debug_frame   0x0000574c       0x28 C:/UOFT/Y3 Winter/ECE342/Labs/STM32CubeIDE_2.0.0/STM32CubeIDE/plugins/com.st.stm32cube.ide.mcu.externaltools.gnu-tools-for-stm32.13.3.rel1.win32_1.0.100.202509120712/tools/bin/../lib/gcc/arm-none-eabi/13.3.1/../../../../arm-none-eabi/lib/thumb/v7e-m+fp/hard\libc_nano.a(libc_a-memcpy-stub.o)
 .debug_frame   0x00005774       0x3c C:/UOFT/Y3 Winter/ECE342/Labs/STM32CubeIDE_2.0.0/STM32CubeIDE/plugins/com.st.stm32cube.ide.mcu.externaltools.gnu-tools-for-stm32.13.3.rel1.win32_1.0.100.202509120712/tools/bin/../lib/gcc/arm-none-eabi/13.3.1/../../../../arm-none-eabi/lib/thumb/v7e-m+fp/hard\libc_nano.a(libc_a-reallocr.o)
 .debug_frame   0x000057b0       0x20 C:/UOFT/Y3 Winter/ECE342/Labs/STM32CubeIDE_2.0.0/STM32CubeIDE/plugins/com.st.stm32cube.ide.mcu.externaltools.gnu-tools-for-stm32.13.3.rel1.win32_1.0.100.202509120712/tools/bin/../lib/gcc/arm-none-eabi/13.3.1/../../../../arm-none-eabi/lib/thumb/v7e-m+fp/hard\libc_nano.a(libc_a-msizer.o)
 .debug_frame   0x000057d0       0x2c C:/UOFT/Y3 Winter/ECE342/Labs/STM32CubeIDE_2.0.0/STM32CubeIDE/plugins/com.st.stm32cube.ide.mcu.externaltools.gnu-tools-for-stm32.13.3.rel1.win32_1.0.100.202509120712/tools/bin/../lib/gcc/arm-none-eabi/13.3.1/thumb/v7e-m+fp/hard\libgcc.a(_aeabi_uldivmod.o)
 .debug_frame   0x000057fc       0x34 C:/UOFT/Y3 Winter/ECE342/Labs/STM32CubeIDE_2.0.0/STM32CubeIDE/plugins/com.st.stm32cube.ide.mcu.externaltools.gnu-tools-for-stm32.13.3.rel1.win32_1.0.100.202509120712/tools/bin/../lib/gcc/arm-none-eabi/13.3.1/thumb/v7e-m+fp/hard\libgcc.a(_udivmoddi4.o)

.debug_line_str
                0x00000000       0x73
 .debug_line_str
                0x00000000       0x73 ./Core/Startup/startup_stm32f446zetx.o