../Core/Src/main.c:85:6:Set_Servo_Angle	32	static
../Core/Src/main.c:91:6:microDelay	16	static
../Core/Src/main.c:97:6:step_X	24	static
../Core/Src/main.c:107:6:step_Y	24	static
../Core/Src/main.c:122:5:main	16	static
../Core/Src/main.c:214:6:SystemClock_Config	88	static
../Core/Src/main.c:261:13:MX_I2C2_Init	8	static
../Core/Src/main.c:295:13:MX_TIM1_Init	32	static
../Core/Src/main.c:341:13:MX_TIM2_Init	64	static
../Core/Src/main.c:400:13:MX_USART3_UART_Init	8	static
../Core/Src/main.c:433:13:MX_USB_OTG_FS_PCD_Init	8	static
../Core/Src/main.c:468:13:MX_GPIO_Init	64	static
../Core/Src/main.c:570:6:Error_Handler	4	static,ignoring_inline_asm
