../Core/Src/main.c:100:6:Set_Servo_Angle	32	static
../Core/Src/main.c:106:6:microDelay	16	static
../Core/Src/main.c:112:6:step_X	24	static
../Core/Src/main.c:129:6:step_Y	24	static
../Core/Src/main.c:144:6:step_EXTRUDE	24	static
../Core/Src/main.c:159:5:main	16	static
../Core/Src/main.c:281:6:SystemClock_Config	88	static
../Core/Src/main.c:328:13:MX_I2C2_Init	8	static
../Core/Src/main.c:362:13:MX_TIM1_Init	32	static
../Core/Src/main.c:408:13:MX_TIM2_Init	64	static
../Core/Src/main.c:467:13:MX_USART3_UART_Init	8	static
../Core/Src/main.c:500:13:MX_USB_OTG_FS_PCD_Init	8	static
../Core/Src/main.c:535:13:MX_GPIO_Init	64	static
../Core/Src/main.c:646:6:Error_Handler	4	static,ignoring_inline_asm
