../Core/Src/ssd1306.c:33:6:SSD1306_UpdateScreen	16	static
../Core/Src/ssd1306.c:43:6:SSD1306_Fill	16	static
../Core/Src/ssd1306.c:49:6:SSD1306_Clear	8	static
../Core/Src/ssd1306.c:56:6:ssd1306_I2C_Write	32	static
../Core/Src/ssd1306.c:78:19:SSD1306_Init	16	static
../Core/Src/ssd1306.c:98:19:SSD1306_SetPixel	24	static
../Core/Src/ssd1306.c:115:6:SSD1306_Scroll	24	static
../Core/Src/ssd1306.c:144:6:SSD1306_Stopscroll	16	static
../Core/Src/ssd1306.c:149:6:SSD1306_Putc	40	static
../Core/Src/ssd1306.c:186:19:SSD1306_Puts	16	static
../Core/Src/ssd1306.c:216:6:OLED_DrawRect	32	static
../Core/Src/ssd1306.c:231:6:OLED_FillRect	32	static
../Core/Src/ssd1306.c:242:6:OLED_DrawText	24	static
../Core/Src/ssd1306.c:252:6:OLED_ShowProgress	40	static
